******************************************************************************
                  TI ARM Linker PC v18.12.1                    
******************************************************************************
>> Linked Thu May 16 03:21:40 2019

OUTPUT FILE NAME:   <EGH456_asgn.out>
ENTRY POINT SYMBOL: "_c_int00"  address: 00008be1


MEMORY CONFIGURATION

         name            origin    length      used     unused   attr    fill
----------------------  --------  ---------  --------  --------  ----  --------
  FLASH                 00000000   00100000  0000eab2  000f154e  R  X
  SRAM                  20000000   00040000  00002ea8  0003d158  RW X


SEGMENT ALLOCATION MAP

run origin  load origin   length   init length attrs members
----------  ----------- ---------- ----------- ----- -------
00000000    00000000    0000eab8   0000eab8    r-x
  00000000    00000000    0000003c   0000003c    r-- .resetVecs
  00000040    00000040    0000b102   0000b102    r-x .text
  0000b144    0000b144    000035e4   000035e4    r-- .const
  0000e728    0000e728    00000390   00000390    r-- .cinit
20000000    20000000    00000360   00000000    rw-
  20000000    20000000    00000360   00000000    rw- .vecs
20000380    20000380    00002b48   00000000    rw-
  20000380    20000380    00001c00   00000000    rw- .bss
  20001f80    20001f80    00000c48   00000000    rw- .data
  20002bc8    20002bc8    00000300   00000000    rw- .stack


SECTION ALLOCATION MAP

 output                                  attributes/
section   page    origin      length       input sections
--------  ----  ----------  ----------   ----------------
.text      0    00000040    0000b102     
                  00000040    00000a4e     rtsv7M4_T_le_v4SPD16_eabi.lib : _printfi.c.obj (.text:__TI_printfi)
                  00000a8e    00000002                                   : _lock.c.obj (.text:_nop)
                  00000a90    00000430     sysbios.aem4f : BIOS.obj (.text:ti_sysbios_family_arm_m3_Hwi_excDumpRegs__I)
                  00000ec0    00000370     grlib.lib : image.obj (.text:InternalImageDraw)
                  00001230    0000034c     ti.targets.arm.rtsarm.aem4f : System.oem4f (.text:xdc_runtime_System_doPrint__I)
                  0000157c    000002e4     grlib.lib : image.obj (.text:PixelTransparentDraw)
                  00001860    000002a0     rtsv7M4_T_le_v4SPD16_eabi.lib : mktime.c.obj (.text:__mktime32)
                  00001b00    00000270                                   : _printfi.c.obj (.text:_pconv_a)
                  00001d70    00000256     grlib.lib : string.obj (.text:GrFontGlyphRender)
                  00001fc6    0000020a               : circle.obj (.text:GrCircleDraw)
                  000021d0    00000204     driverlib.lib : sysctl.obj (.text:SysCtlClockFreqSet)
                  000023d4    00000204     Boot.aem4f : Boot_sysctl.oem4f (.text:ti_catalog_arm_cortexm4_tiva_ce_Boot_sysCtlClockFreqSetI__I)
                  000025d8    000001fc     sysbios.aem4f : BIOS.obj (.text:ti_sysbios_family_arm_m3_Hwi_excHandlerMax__I)
                  000027d4    000001e4     Kentec320x240x16_ssd2119_spi.obj (.text:Kentec320x240x16_SSD2119Init)
                  000029b8    000001dc     Kentec320x240x16_ssd2119_spi.obj (.text:Kentec320x240x16_SSD2119PixelDrawMultiple)
                  00002b94    000001d8     user_interface.obj (.text:updateMenuOptions)
                  00002d6c    000001d0     rtsv7M4_T_le_v4SPD16_eabi.lib : _printfi.c.obj (.text:_pconv_g)
                  00002f3c    000001b6                                   : fd_add_t2.asm.obj (.text)
                  000030f2    00000002                                   : div0.asm.obj (.text)
                  000030f4    000001a4     user_interface.obj (.text:DrawDateTime)
                  00003298    000001a0     user_interface.obj (.text:DrawDataOnGraph)
                  00003438    00000194     grlib.lib : canvas.obj (.text:CanvasPaint)
                  000035cc    00000184     user_interface.obj (.text:UserInterfaceInit)
                  00003750    00000176     grlib.lib : pushbutton.obj (.text:RectangularButtonPaint)
                  000038c6    00000002     empty_min_pem4f.oem4f (.text:ti_sysbios_BIOS_nullFunc__I)
                  000038c8    00000174     sysbios.aem4f : BIOS.obj (.text:ti_sysbios_family_arm_m3_Hwi_excBusFault__I)
                  00003a3c    0000016a     grlib.lib : pushbutton.obj (.text:CircularButtonPaint)
                  00003ba6    00000002     empty_min_pem4f.oem4f (.text:ti_uia_loggers_LoggerStopMode_setFilterLevel__E)
                  00003ba8    00000164     user_interface.obj (.text:SetupSettingScreen)
                  00003d0c    00000004     grlib.lib : widget.obj (.text:WidgetDefaultMsgProc)
                  00003d10    00000164     sysbios.aem4f : BIOS.obj (.text:ti_sysbios_family_arm_m3_Hwi_excUsageFault__I)
                  00003e74    00000004     rtsv7M4_T_le_v4SPD16_eabi.lib : exit.c.obj (.text:abort:abort)
                  00003e78    00000160     sysbios.aem4f : BIOS.obj (.text:ti_sysbios_knl_Semaphore_pend__E)
                  00003fd8    00000150     drivers_tivaware.aem4f : GPIOTiva.oem4f (.text:GPIO_setConfig)
                  00004128    00000148     sysbios.aem4f : BIOS.obj (.text:ti_sysbios_family_arm_m3_Hwi_excMemFault__I)
                  00004270    00000146     grlib.lib : circle.obj (.text:GrCircleFill)
                  000043b6    00000002     ti.uia.loggers.aem4f : LoggerStopMode.oem4f (.text:ti_uia_loggers_LoggerStopMode_setPriority__E)
                  000043b8    00000144     sysbios.aem4f : BIOS.obj (.text:ti_sysbios_family_arm_m3_Hwi_dispatchC__I)
                  000044fc    0000013c     rtsv7M4_T_le_v4SPD16_eabi.lib : _printfi.c.obj (.text:_pconv_e)
                  00004638    0000013c     sysbios.aem4f : BIOS.obj (.text:ti_sysbios_knl_Clock_workFunc__E)
                  00004774    00000138     empty_min_pem4f.oem4f (.text:ti_uia_loggers_LoggerStopMode_writeMemoryRange__E)
                  000048ac    00000136     rtsv7M4_T_le_v4SPD16_eabi.lib : fd_div_t2.asm.obj (.text)
                  000049e2    00000002     empty_min_pem4f.oem4f (.text:xdc_runtime_Startup_reset__I)
                  000049e4    00000134     rtsv7M4_T_le_v4SPD16_eabi.lib : localtim.c.obj (.text:__localtime32)
                  00004b18    00000130     driverlib.lib : gpio.obj (.text:GPIOPadConfigSet)
                  00004c48    00000124     rtsv7M4_T_le_v4SPD16_eabi.lib : _printfi.c.obj (.text:fcvt)
                  00004d6c    00000004     empty_min_pem4f.oem4f (.text:ti_sysbios_BIOS_RtsGateProxy_enter__E)
                  00004d70    0000011c     sysbios.aem4f : BIOS.obj (.text:ti_sysbios_knl_Swi_run__I)
                  00004e8c    00000118     ti.targets.arm.rtsarm.aem4f : Error.oem4f (.text:xdc_runtime_Error_policyDefault__E)
                  00004fa4    00000110     rtsv7M4_T_le_v4SPD16_eabi.lib : s_scalbn.c.obj (.text:scalbn)
                  000050b4    0000010c     Kentec320x240x16_ssd2119_spi.obj (.text:Kentec320x240x16_SSD2119RectFill)
                  000051c0    0000010c     empty_min_pem4f.oem4f (.text:ti_uia_loggers_LoggerStopMode_write8__E)
                  000052cc    00000004     empty_min_pem4f.oem4f (.text:ti_sysbios_BIOS_RtsGateProxy_leave__E)
                  000052d0    00000108     sysbios.aem4f : BIOS.obj (.text:ti_sysbios_family_arm_lm4_Timer_start__E)
                  000053d8    00000106     grlib.lib : line.obj (.text:GrLineDraw)
                  000054de    00000002     --HOLE-- [fill = 0]
                  000054e0    00000104     sysbios.aem4f : BIOS.obj (.text:ti_sysbios_family_arm_lm4_TimestampProvider_get64__E)
                  000055e4    00000100     ti.targets.arm.rtsarm.aem4f : Core-mem.oem4f (.text:xdc_runtime_Core_createObject__I)
                  000056e4    000000fc     rtsv7M4_T_le_v4SPD16_eabi.lib : fd_mul_t2.asm.obj (.text)
                  000057e0    000000f8     ti.targets.arm.rtsarm.aem4f : Startup.oem4f (.text:xdc_runtime_Startup_startMods__I)
                  000058d8    000000f8     empty_min_pem4f.oem4f (.text:xdc_runtime_System_printfExtend__I)
                  000059d0    000000f4     user_interface.obj (.text:SetupGraphScreen)
                  00005ac4    000000f4     sysbios.aem4f : m3_Hwi_asm.obj (.text:ti_sysbios_family_arm_m3_Hwi_dispatch__I)
                  00005bb8    000000f4     empty_min_pem4f.oem4f (.text:ti_uia_loggers_LoggerStopMode_write4__E)
                  00005cac    000000f2     grlib.lib : pushbutton.obj (.text:RectangularButtonClick)
                  00005d9e    00000002     --HOLE-- [fill = 0]
                  00005da0    000000e8               : widget.obj (.text:WidgetMessageQueueAdd)
                  00005e88    000000e8     empty_min_pem4f.oem4f (.text:ti_uia_loggers_LoggerStopMode_write1__E)
                  00005f70    000000e8     empty_min_pem4f.oem4f (.text:ti_uia_loggers_LoggerStopMode_write2__E)
                  00006058    000000d8     empty_min_pem4f.oem4f (.text:ti_uia_loggers_LoggerStopMode_write0__E)
                  00006130    000000d4     grlib.lib : pushbutton.obj (.text:CircularButtonClick)
                  00006204    00000004     sysbios.aem4f : BIOS.obj (.text:ti_sysbios_family_arm_lm4_Timer_masterEnable__I)
                  00006208    000000d4                   : BIOS.obj (.text:ti_sysbios_heaps_HeapMem_alloc__E)
                  000062dc    00000004     empty_min_pem4f.oem4f (.text:ti_sysbios_family_arm_m3_TaskSupport_Module__startupDone__S)
                  000062e0    000000cc     sysbios.aem4f : BIOS.obj (.text:ti_sysbios_knl_Task_Instance_init__E)
                  000063ac    000000cc     ti.targets.arm.rtsarm.aem4f : Core-smem.oem4f (.text:xdc_runtime_Core_constructObject__I)
                  00006478    000000c4     grlib.lib : string.obj (.text:GrDefaultStringRenderer)
                  0000653c    00000004     empty_min_pem4f.oem4f (.text:ti_sysbios_heaps_HeapMem_Module_GateProxy_enter__E)
                  00006540    000000c4     sysbios.aem4f : BIOS.obj (.text:ti_sysbios_knl_Semaphore_post__E)
                  00006604    00000004     empty_min_pem4f.oem4f (.text:ti_sysbios_heaps_HeapMem_Module_GateProxy_leave__E)
                  00006608    000000c4     sysbios.aem4f : BIOS.obj (.text:ti_sysbios_knl_Task_schedule__I)
                  000066cc    000000c0     grlib.lib : line.obj (.text:GrLineClip)
                  0000678c    00000004     empty_min_pem4f.oem4f (.text:ti_sysbios_knl_Clock_TimerProxy_getMaxTicks__E)
                  00006790    000000bc     sysbios.aem4f : BIOS.obj (.text:ti_sysbios_family_arm_m3_Hwi_excDebugMon__I)
                  0000684c    00000004     empty_min_pem4f.oem4f (.text:ti_sysbios_knl_Clock_TimerProxy_getPeriod__E)
                  00006850    000000bc     sysbios.aem4f : BIOS.obj (.text:ti_sysbios_family_arm_m3_Hwi_excHardFault__I)
                  0000690c    00000004     empty_min_pem4f.oem4f (.text:ti_sysbios_knl_Queue_destruct)
                  00006910    000000bc     sysbios.aem4f : BIOS.obj (.text:ti_sysbios_knl_Task_Instance_finalize__E)
                  000069cc    00000004     empty_min_pem4f.oem4f (.text:ti_sysbios_knl_Semaphore_destruct)
                  000069d0    000000bc     sysbios.aem4f : BIOS.obj (.text:ti_sysbios_knl_Task_startCore__E)
                  00006a8c    000000b8     EK_TM4C1294XL.obj (.text:EK_TM4C1294XL_initGeneral)
                  00006b44    000000b8     Kentec320x240x16_ssd2119_spi.obj (.text:InitSPILCDInterface)
                  00006bfc    000000b4     grlib.lib : widget.obj (.text:WidgetMessageSendPostOrder)
                  00006cb0    000000b1     user_interface.obj (.text:DrawSettingScreen)
                  00006d61    00000003     --HOLE-- [fill = 0]
                  00006d64    000000b1     rtsv7M4_T_le_v4SPD16_eabi.lib : _printfi.c.obj (.text:_ltostr)
                  00006e15    00000003     --HOLE-- [fill = 0]
                  00006e18    000000b0     buttons.obj (.text:ButtonsPoll)
                  00006ec8    000000ac     sysbios.aem4f : BIOS.obj (.text:ti_sysbios_family_arm_lm4_Timer_enableTiva__I)
                  00006f74    00000004     ti.uia.loggers.aem4f : LoggerStopMode.oem4f (.text:ti_uia_loggers_LoggerStopMode_getContents__E)
                  00006f78    000000ac     sysbios.aem4f : BIOS.obj (.text:ti_sysbios_knl_Swi_post__E)
                  00007024    00000004     empty_min_pem4f.oem4f (.text:ti_uia_loggers_LoggerStopMode_getFilterLevel__E)
                  00007028    000000a8     sysbios.aem4f : BIOS.obj (.text:ti_sysbios_knl_Task_blockI__E)
                  000070d0    000000a0     auto_init.aem4f : auto_init.oem4f (.text)
                  00007170    000000a0     ti.targets.arm.rtsarm.aem4f : Text.oem4f (.text:xdc_runtime_Text_putMod__E)
                  00007210    0000009c     rtsv7M4_T_le_v4SPD16_eabi.lib : memcpy_t2.asm.obj (.text)
                  000072ac    0000009a     ti.targets.arm.rtsarm.aem4f : Text.oem4f (.text:xdc_runtime_Text_putSite__E)
                  00007346    00000002     --HOLE-- [fill = 0]
                  00007348    00000098     empty_min.obj (.text:main)
                  000073e0    00000098     Boot.aem4f : Boot.oem4f (.text:ti_catalog_arm_cortexm4_tiva_ce_Boot_sysCtlClockFreqSet__E)
                  00007478    00000096     rtsv7M4_T_le_v4SPD16_eabi.lib : ull_div_t2.asm.obj (.text)
                  0000750e    00000002     --HOLE-- [fill = 0]
                  00007510    00000094     sysbios.aem4f : BIOS.obj (.text:ti_sysbios_family_arm_m3_Hwi_Instance_init__E)
                  000075a4    00000004     ti.uia.loggers.aem4f : LoggerStopMode.oem4f (.text:ti_uia_loggers_LoggerStopMode_getInstanceId__E)
                  000075a8    00000094     sysbios.aem4f : BIOS.obj (.text:ti_sysbios_family_arm_m3_Hwi_initNVIC__E)
                  0000763c    00000004     ti.uia.loggers.aem4f : LoggerStopMode.oem4f (.text:ti_uia_loggers_LoggerStopMode_getMaxLength__E)
                  00007640    00000094     sysbios.aem4f : BIOS.obj (.text:ti_sysbios_knl_Task_exit__E)
                  000076d4    00000004     ti.uia.loggers.aem4f : LoggerStopMode.oem4f (.text:ti_uia_loggers_LoggerStopMode_getPriority__E)
                  000076d8    00000090     sysbios.aem4f : BIOS.obj (.text:ti_sysbios_knl_Task_unblockI__E)
                  00007768    00000090     ti.uia.loggers.aem4f : LoggerStopMode.oem4f (.text:ti_uia_loggers_LoggerStopMode_initQueueDescriptor__E)
                  000077f8    0000008c     drivers_tivaware.aem4f : GPIOTiva.oem4f (.text:GPIO_init)
                  00007884    0000008c     sysbios.aem4f : m3_TaskSupport_asm.obj (.text:ti_sysbios_family_arm_m3_TaskSupport_buildTaskStack)
                  00007910    0000008c                   : BIOS.obj (.text:ti_sysbios_knl_Task_postInit__I)
                  0000799c    00000086     grlib.lib : rectangle.obj (.text:GrRectFill)
                  00007a22    00000086     rtsv7M4_T_le_v4SPD16_eabi.lib : fd_cmp_t2.asm.obj (.text:__aeabi_cdcmple)
                  00007aa8    00000086                                   : fd_cmp_t2.asm.obj (.text:__aeabi_cdrcmple)
                  00007b2e    00000002     --HOLE-- [fill = 0]
                  00007b30    00000084     user_interface.obj (.text:GuiMotorClicked)
                  00007bb4    00000004     ti.uia.loggers.aem4f : LoggerStopMode.oem4f (.text:ti_uia_loggers_LoggerStopMode_getTransferType__E)
                  00007bb8    00000084     sysbios.aem4f : BIOS.obj (.text:ti_sysbios_family_arm_lm4_Timer_getExpiredCounts__E)
                  00007c3c    00000004     ti.targets.arm.rtsarm.aem4f : Error.oem4f (.text:xdc_runtime_Error_getSite__E)
                  00007c40    00000084     sysbios.aem4f : BIOS.obj (.text:ti_sysbios_family_arm_m3_Hwi_postInit__I)
                  00007cc4    00000082     user_interface.obj (.text:checkUiControls)
                  00007d46    00000002     --HOLE-- [fill = 0]
                  00007d48    0000007c     sysbios.aem4f : BIOS.obj (.text:ti_sysbios_heaps_HeapMem_free__E)
                  00007dc4    0000007a     rtsv7M4_T_le_v4SPD16_eabi.lib : memset_t2.asm.obj (.text)
                  00007e3e    00000002     --HOLE-- [fill = 0]
                  00007e40    00000078     user_interface.obj (.text:DrawSetMenuScreen)
                  00007eb8    00000074     ti.uia.runtime.aem4f : QueueDescriptor.oem4f (.text:ti_uia_runtime_QueueDescriptor_addToList__E)
                  00007f2c    00000070     user_interface.obj (.text:DrawGraphMenuScreen)
                  00007f9c    0000006e     rtsv7M4_T_le_v4SPD16_eabi.lib : _printfi.c.obj (.text:_mcpy)
                  0000800a    0000006e                                   : ll_div_t2.asm.obj (.text)
                  00008078    0000006d     ti.targets.arm.rtsarm.aem4f : System.oem4f (.text:xdc_runtime_System_formatNum__I)
                  000080e5    00000003     --HOLE-- [fill = 0]
                  000080e8    0000006c     rtsv7M4_T_le_v4SPD16_eabi.lib : asctime.c.obj (.text:asctime)
                  00008154    00000004     empty_min_pem4f.oem4f (.text:xdc_runtime_System_Module_GateProxy_enter__E)
                  00008158    0000006c     sysbios.aem4f : BIOS.obj (.text:ti_sysbios_knl_Swi_restoreHwi__E)
                  000081c4    0000006c     ti.targets.arm.rtsarm.aem4f : Error.oem4f (.text:xdc_runtime_Error_print__E)
                  00008230    0000006c                                 : Memory.oem4f (.text:xdc_runtime_Memory_alloc__E)
                  0000829c    0000006a     grlib.lib : string.obj (.text:GrStringWidthGet)
                  00008306    00000002     --HOLE-- [fill = 0]
                  00008308    00000068     user_interface.obj (.text:DrawHomeScreen)
                  00008370    00000068     grlib.lib : context.obj (.text:GrContextInit)
                  000083d8    00000068     Kentec320x240x16_ssd2119_spi.obj (.text:Kentec320x240x16_SSD2119LineDrawH)
                  00008440    00000068     Kentec320x240x16_ssd2119_spi.obj (.text:Kentec320x240x16_SSD2119LineDrawV)
                  000084a8    00000068     rtsv7M4_T_le_v4SPD16_eabi.lib : copy_decompress_lzss.c.obj (.text:decompress:lzss:__TI_decompress_lzss)
                  00008510    00000066     grlib.lib : rectangle.obj (.text:GrRectDraw)
                  00008576    00000066     ti.uia.loggers.aem4f : LoggerStopMode.oem4f (.text:ti_uia_loggers_LoggerStopMode_flush__E)
                  000085dc    00000066     ti.targets.arm.rtsarm.aem4f : Core-mem.oem4f (.text:xdc_runtime_Core_deleteObject__I)
                  00008642    00000002     --HOLE-- [fill = 0]
                  00008644    00000064     drivers_tivaware.aem4f : GPIOTiva.oem4f (.text:GPIO_hwiIntFxn)
                  000086a8    00000064     grlib.lib : widget.obj (.text:WidgetMessageQueueProcess)
                  0000870c    00000064     rtsv7M4_T_le_v4SPD16_eabi.lib : s_frexp.c.obj (.text:frexp)
                  00008770    00000064     empty_min_pem4f.oem4f (.text:ti_sysbios_family_arm_m3_Hwi_create)
                  000087d4    00000062     grlib.lib : context.obj (.text:GrContextClipRegionSet)
                  00008836    00000002     --HOLE-- [fill = 0]
                  00008838    00000060     Kentec320x240x16_ssd2119_spi.obj (.text:WriteDataSPI)
                  00008898    00000060     sysbios.aem4f : BIOS.obj (.text:ti_sysbios_knl_Clock_logTick__E)
                  000088f8    0000005c     interface_button.obj (.text:OnButtonPress)
                  00008954    0000005c     grlib.lib : widget.obj (.text:WidgetMessageSendPreOrder)
                  000089b0    0000005c     Kentec320x240x16_ssd2119_spi.obj (.text:WriteCommandSPI)
                  00008a0c    00000004     empty_min_pem4f.oem4f (.text:xdc_runtime_System_Module_GateProxy_leave__E)
                  00008a10    0000005c     sysbios.aem4f : BIOS.obj (.text:ti_sysbios_knl_Swi_schedule__I)
                  00008a6c    00000004     ti.targets.arm.rtsarm.aem4f : System.oem4f (.text:xdc_runtime_System_aprintf_va__F)
                  00008a70    0000005c     sysbios.aem4f : BIOS.obj (.text:ti_sysbios_knl_Task_Module_startup__E)
                  00008acc    0000005c     empty_min_pem4f.oem4f (.text:ti_sysbios_knl_Task_create)
                  00008b28    0000005b     ti.targets.arm.rtsarm.aem4f : Text.oem4f (.text:xdc_runtime_Text_putLab__E)
                  00008b83    00000001     --HOLE-- [fill = 0]
                  00008b84    0000005a     grlib.lib : string.obj (.text:FontWideGlyphDataGet)
                  00008bde    00000002     --HOLE-- [fill = 0]
                  00008be0    00000058     boot.aem4f : boot.oem4f (.text)
                  00008c38    00000058     rtsv7M4_T_le_v4SPD16_eabi.lib : hostwrite.c.obj (.text:HOSTwrite)
                  00008c90    00000058     sysbios.aem4f : m3_Hwi_asm_switch.obj (.text:ti_sysbios_family_arm_m3_Hwi_initStacks__E)
                  00008ce8    00000056     driverlib.lib : gpio.obj (.text:GPIOIntTypeSet)
                  00008d3e    00000056     user_interface.obj (.text:UserInterfaceDraw)
                  00008d94    00000056     rtsv7M4_T_le_v4SPD16_eabi.lib : _printfi.c.obj (.text:_pconv_f)
                  00008dea    00000054                                   : ltoa.c.obj (.text:ltoa)
                  00008e3e    00000002     --HOLE-- [fill = 0]
                  00008e40    00000054     sysbios.aem4f : BIOS.obj (.text:ti_sysbios_family_arm_lm4_Timer_initDevice__I)
                  00008e94    00000054     ti.targets.arm.rtsarm.aem4f : Assert.oem4f (.text:xdc_runtime_Assert_raise__I)
                  00008ee8    00000052     rtsv7M4_T_le_v4SPD16_eabi.lib : _printfi.c.obj (.text:_ecpy)
                  00008f3a    00000002     --HOLE-- [fill = 0]
                  00008f3c    00000050     drivers_tivaware.aem4f : GPIOTiva.oem4f (.text:GPIO_setCallback)
                  00008f8c    00000050     Boot.aem4f : Boot_sysctl.oem4f (.text:_SysCtlFrequencyGet)
                  00008fdc    00000004     ti.targets.arm.rtsarm.aem4f : System.oem4f (.text:xdc_runtime_System_printf_va__F)
                  00008fe0    00000050     sysbios.aem4f : BIOS.obj (.text:ti_sysbios_family_arm_m3_Hwi_Module_startup__E)
                  00009030    00000050     ti.targets.arm.rtsarm.aem4f : Startup.oem4f (.text:xdc_runtime_Startup_exec__E)
                  00009080    00000050                                 : Text.oem4f (.text:xdc_runtime_Text_visitRope2__I)
                  000090d0    0000004c     rtsv7M4_T_le_v4SPD16_eabi.lib : atoi.c.obj (.text:atoi)
                  0000911c    0000004c                                   : cpy_tbl.c.obj (.text:copy_in)
                  00009168    0000004c                                   : snprintf.c.obj (.text:snprintf)
                  000091b4    00000004     --HOLE-- [fill = 0]
                  000091b8    0000004c     sysbios.aem4f : BIOS.obj (.text:ti_sysbios_heaps_HeapMem_getStats__E)
                  00009204    00000004     --HOLE-- [fill = 0]
                  00009208    0000004c                   : BIOS.obj (.text:ti_sysbios_knl_Swi_runLoop__I)
                  00009254    00000004     --HOLE-- [fill = 0]
                  00009258    0000004c                   : BIOS.obj (.text:ti_sysbios_knl_Task_allBlockedFunction__I)
                  000092a4    0000004c     ti.uia.loggers.aem4f : LoggerStopMode.oem4f (.text:ti_uia_loggers_LoggerStopMode_Module_startup__E)
                  000092f0    0000004a     grlib.lib : string.obj (.text:UpdateContextCharMapping)
                  0000933a    00000002     --HOLE-- [fill = 0]
                  0000933c    00000048     driverlib.lib : gpio.obj (.text:GPIOPinConfigure)
                  00009384    00000048     rtsv7M4_T_le_v4SPD16_eabi.lib : hosttime.c.obj (.text:HOSTtime)
                  000093cc    00000048     driverlib.lib : sysctl.obj (.text:_SysCtlFrequencyGet)
                  00009414    00000048     rtsv7M4_T_le_v4SPD16_eabi.lib : fd_toi_t2.asm.obj (.text)
                  0000945c    00000004     --HOLE-- [fill = 0]
                  00009460    00000048     sysbios.aem4f : BIOS.obj (.text:ti_sysbios_family_arm_lm4_Timer_enableTimers__I)
                  000094a8    00000048                   : BIOS.obj (.text:ti_sysbios_family_arm_m3_Hwi_disableInterrupt__E)
                  000094f0    00000048                   : BIOS.obj (.text:ti_sysbios_family_arm_m3_Hwi_enableInterrupt__E)
                  00009538    00000048                   : BIOS.obj (.text:ti_sysbios_family_arm_m3_Hwi_excReserved__I)
                  00009580    00000046     grlib.lib : line.obj (.text:GrLineDrawH)
                  000095c6    00000046               : line.obj (.text:GrLineDrawV)
                  0000960c    00000046     Kentec320x240x16_ssd2119_spi.obj (.text:Kentec320x240x16_SSD2119PixelDraw)
                  00009652    00000046     ti.targets.arm.rtsarm.aem4f : Core-params.oem4f (.text:xdc_runtime_Core_assignParams__I)
                  00009698    00000044     sysbios.aem4f : BIOS.obj (.text:ti_sysbios_family_arm_lm4_Timer_isrStub__E)
                  000096dc    00000004     --HOLE-- [fill = 0]
                  000096e0    00000044                   : BIOS.obj (.text:ti_sysbios_family_arm_m3_Hwi_getStackInfo__E)
                  00009724    00000044     ti.uia.loggers.aem4f : LoggerStopMode.oem4f (.text:ti_uia_loggers_LoggerStopMode_initBuffer__I)
                  00009768    00000044     ti.targets.arm.rtsarm.aem4f : Error.oem4f (.text:xdc_runtime_Error_setX__E)
                  000097ac    00000044                                 : SysMin.oem4f (.text:xdc_runtime_SysMin_flush__E)
                  000097f0    00000044                                 : Text.oem4f (.text:xdc_runtime_Text_xprintf__I)
                  00009834    00000040     rtsv7M4_T_le_v4SPD16_eabi.lib : u_divt2.asm.obj (.text)
                  00009874    00000040                                   : sprintf.c.obj (.text:sprintf)
                  000098b4    00000004     --HOLE-- [fill = 0]
                  000098b8    00000040     sysbios.aem4f : BIOS.obj (.text:ti_sysbios_family_arm_lm4_Timer_Module_startup__E)
                  000098f8    00000040                   : BIOS.obj (.text:ti_sysbios_family_arm_lm4_Timer_startup__E)
                  00009938    00000040                   : BIOS.obj (.text:ti_sysbios_heaps_HeapMem_Instance_init__E)
                  00009978    0000003e     rtsv7M4_T_le_v4SPD16_eabi.lib : _printfi.c.obj (.text:_fcpy)
                  000099b6    0000003c     driverlib.lib : ssi.obj (.text:SSIConfigSetExpClk)
                  000099f2    00000006                   : gpio.obj (.text:GPIOIntClear)
                  000099f8    0000003c     sysbios.aem4f : BIOS.obj (.text:ti_sysbios_family_arm_m3_Hwi_excSvCall__I)
                  00009a34    00000004     --HOLE-- [fill = 0]
                  00009a38    0000003c                   : BIOS.obj (.text:ti_sysbios_heaps_HeapMem_init__I)
                  00009a74    00000004     --HOLE-- [fill = 0]
                  00009a78    0000003c                   : BIOS.obj (.text:ti_sysbios_knl_Clock_Instance_init__E)
                  00009ab4    00000004     --HOLE-- [fill = 0]
                  00009ab8    0000003c                   : BIOS.obj (.text:ti_sysbios_knl_Swi_restore__E)
                  00009af4    0000003a     grlib.lib : string.obj (.text:FontGlyphDataGet)
                  00009b2e    00000002     --HOLE-- [fill = 0]
                  00009b30    00000038     buttons.obj (.text:ButtonsInit)
                  00009b68    00000038     user_interface.obj (.text:DrawGraphScreen)
                  00009ba0    00000038     rtsv7M4_T_le_v4SPD16_eabi.lib : trgmsg.c.obj (.text:__TI_writemsg)
                  00009bd8    00000038     sysbios.aem4f : BIOS.obj (.text:ti_sysbios_family_arm_m3_Hwi_excNoIsr__I)
                  00009c10    00000038     ti.targets.arm.rtsarm.aem4f : SysMin.oem4f (.text:xdc_runtime_SysMin_putch__E)
                  00009c48    00000038                                 : System.oem4f (.text:xdc_runtime_System_atexit__E)
                  00009c80    00000036     grlib.lib : line.obj (.text:GrClipCodeGet)
                  00009cb6    00000002     --HOLE-- [fill = 0]
                  00009cb8    00000034     driverlib.lib : sysctl.obj (.text:SysCtlPeripheralEnable)
                  00009cec    00000034     rtsv7M4_T_le_v4SPD16_eabi.lib : trgmsg.c.obj (.text:__TI_readmsg)
                  00009d20    00000034     sysbios.aem4f : BIOS.obj (.text:ti_sysbios_family_arm_m3_Hwi_Instance_finalize__E)
                  00009d54    00000004     --HOLE-- [fill = 0]
                  00009d58    00000034                   : BIOS.obj (.text:ti_sysbios_family_arm_m3_Hwi_excNmi__I)
                  00009d8c    00000034     empty_min_pem4f.oem4f (.text:ti_sysbios_knl_Clock_construct)
                  00009dc0    00000034     ti.uia.loggers.aem4f : LoggerStopMode.oem4f (.text:ti_uia_loggers_LoggerStopMode_reset__E)
                  00009df4    00000034     ti.targets.arm.rtsarm.aem4f : Core-label.oem4f (.text:xdc_runtime_Core_assignLabel__I)
                  00009e28    00000033                                 : Text.oem4f (.text:xdc_runtime_Text_printVisFxn__I)
                  00009e5b    00000005     --HOLE-- [fill = 0]
                  00009e60    00000032     sysbios.aem4f : BIOS.obj (.text:ti_sysbios_hal_Hwi_initStack)
                  00009e92    00000006     driverlib.lib : gpio.obj (.text:GPIOPinRead)
                  00009e98    00000032     sysbios.aem4f : BIOS.obj (.text:ti_sysbios_knl_Semaphore_pendTimeout__I)
                  00009eca    00000030     rtsv7M4_T_le_v4SPD16_eabi.lib : snprintf.c.obj (.text:_outs)
                  00009efa    00000002     --HOLE-- [fill = 0]
                  00009efc    00000030     user_interface.obj (.text:getCurrentDateTime)
                  00009f2c    00000030     empty_min_pem4f.oem4f (.text:ti_sysbios_BIOS_atExitFunc__I)
                  00009f5c    00000004     --HOLE-- [fill = 0]
                  00009f60    00000030     sysbios.aem4f : BIOS.obj (.text:ti_sysbios_family_arm_lm4_Timer_stop__E)
                  00009f90    00000030                   : BIOS.obj (.text:ti_sysbios_family_arm_m3_TaskSupport_start__E)
                  00009fc0    00000030     empty_min_pem4f.oem4f (.text:ti_sysbios_gates_GateHwi_Object__create__S)
                  00009ff0    00000030     empty_min_pem4f.oem4f (.text:ti_sysbios_gates_GateMutex_Object__create__S)
                  0000a020    00000030     sysbios.aem4f : BIOS.obj (.text:ti_sysbios_gates_GateMutex_enter__E)
                  0000a050    00000030     empty_min_pem4f.oem4f (.text:ti_sysbios_heaps_HeapMem_Object__create__S)
                  0000a080    00000030     empty_min_pem4f.oem4f (.text:ti_sysbios_knl_Semaphore_construct)
                  0000a0b0    00000030     sysbios.aem4f : BIOS.obj (.text:ti_sysbios_knl_Task_processVitalTaskFlag__I)
                  0000a0e0    00000030     empty_min_pem4f.oem4f (.text:ti_uia_loggers_LoggerStopMode_Object__create__S)
                  0000a110    00000030     ti.targets.arm.rtsarm.aem4f : SysMin.oem4f (.text:xdc_runtime_SysMin_abort__E)
                  0000a140    00000030                                 : System.oem4f (.text:xdc_runtime_System_processAtExit__E)
                  0000a170    0000002e     grlib.lib : string.obj (.text:GrStringNextCharGet)
                  0000a19e    0000002e     rtsv7M4_T_le_v4SPD16_eabi.lib : i_tofd_t2.asm.obj (.text)
                  0000a1cc    0000002c     grlib.lib : string.obj (.text:GrFontBaselineGet)
                  0000a1f8    0000002c               : string.obj (.text:GrFontHeightGet)
                  0000a224    0000002c     empty_min_pem4f.oem4f (.text:ti_sysbios_knl_Clock_doTick__I)
                  0000a250    0000002c     empty_min_pem4f.oem4f (.text:ti_sysbios_knl_Queue_construct)
                  0000a27c    00000004     --HOLE-- [fill = 0]
                  0000a280    0000002c     sysbios.aem4f : BIOS.obj (.text:ti_sysbios_knl_Task_restore__E)
                  0000a2ac    0000002c     ti.targets.arm.rtsarm.aem4f : Text.oem4f (.text:xdc_runtime_Text_cordText__E)
                  0000a2d8    0000002a     driverlib.lib : gpio.obj (.text:GPIODirModeSet)
                  0000a302    0000002a     grlib.lib : widget.obj (.text:WidgetIsInTree)
                  0000a32c    0000002a     ti.targets.arm.rtsarm.aem4f : System.oem4f (.text:xdc_runtime_System_putchar__I)
                  0000a356    00000028     grlib.lib : pushbutton.obj (.text:CircularButtonMsgProc)
                  0000a37e    00000028     Kentec320x240x16_ssd2119_spi.obj (.text:Kentec320x240x16_SSD2119ColorTranslate)
                  0000a3a6    00000028     grlib.lib : pushbutton.obj (.text:RectangularButtonMsgProc)
                  0000a3ce    00000002     --HOLE-- [fill = 0]
                  0000a3d0    00000028     sysbios.aem4f : BIOS.obj (.text:ti_sysbios_knl_Clock_addI__E)
                  0000a3f8    00000028                   : BIOS.obj (.text:ti_sysbios_knl_Swi_Module_startup__E)
                  0000a420    00000026     grlib.lib : string.obj (.text:GrFontInfoGet)
                  0000a446    00000026     sysbios.aem4f : m3_Hwi_asm.obj (.text:ti_sysbios_family_arm_m3_Hwi_pendSV__I)
                  0000a46c    00000026     ti.targets.arm.rtsarm.aem4f : System.oem4f (.text:xdc_runtime_System_avprintf__E)
                  0000a492    00000024     grlib.lib : widget.obj (.text:WidgetAdd)
                  0000a4b6    00000002     --HOLE-- [fill = 0]
                  0000a4b8    00000024     empty_min_pem4f.oem4f (.text:ti_sysbios_BIOS_registerRTSLock__I)
                  0000a4dc    00000024     empty_min_pem4f.oem4f (.text:ti_sysbios_BIOS_removeRTSLock__I)
                  0000a500    00000024     empty_min_pem4f.oem4f (.text:ti_sysbios_BIOS_startFunc__I)
                  0000a524    00000024     empty_min_pem4f.oem4f (.text:ti_sysbios_gates_GateMutex_Object__delete__S)
                  0000a548    00000024     sysbios.aem4f : BIOS.obj (.text:ti_sysbios_knl_Clock_Module_startup__E)
                  0000a56c    00000004     --HOLE-- [fill = 0]
                  0000a570    00000024                   : BIOS.obj (.text:ti_sysbios_knl_Clock_start__E)
                  0000a594    00000004     --HOLE-- [fill = 0]
                  0000a598    00000024                   : BIOS.obj (.text:ti_sysbios_knl_Semaphore_Instance_init__E)
                  0000a5bc    00000004     --HOLE-- [fill = 0]
                  0000a5c0    00000024                   : BIOS.obj (.text:ti_sysbios_knl_Task_restoreHwi__E)
                  0000a5e4    00000024     ti.targets.arm.rtsarm.aem4f : System.oem4f (.text:xdc_runtime_System_vprintf__E)
                  0000a608    00000022     grlib.lib : string.obj (.text:GrFontGlyphDataGet)
                  0000a62a    00000006     driverlib.lib : gpio.obj (.text:GPIOPinWrite)
                  0000a630    00000022     sysbios.aem4f : BIOS.obj (.text:ti_sysbios_family_arm_lm4_Timer_write__I)
                  0000a652    00000022     empty_min_pem4f.oem4f (.text:xdc_runtime_SysMin_output__I)
                  0000a674    00000020     Boot.aem4f : Boot_sysctl.oem4f (.text:_SysCtlMemTimingGet)
                  0000a694    00000020     rtsv7M4_T_le_v4SPD16_eabi.lib : u_tofd_t2.asm.obj (.text)
                  0000a6b4    00000020     empty_min_pem4f.oem4f (.text:ti_sysbios_BIOS_rtsLock__I)
                  0000a6d4    00000004     --HOLE-- [fill = 0]
                  0000a6d8    00000020     sysbios.aem4f : BIOS.obj (.text:ti_sysbios_family_arm_lm4_Timer_postInit__I)
                  0000a6f8    00000020                   : m3_Hwi_asm.obj (.text:ti_sysbios_family_arm_m3_Hwi_excHandlerAsm__I)
                  0000a718    00000020                   : BIOS.obj (.text:ti_sysbios_family_arm_m3_Hwi_excHandler__I)
                  0000a738    00000020     empty_min_pem4f.oem4f (.text:ti_sysbios_gates_GateHwi_Object__delete__S)
                  0000a758    00000020     empty_min_pem4f.oem4f (.text:ti_sysbios_heaps_HeapMem_Object__delete__S)
                  0000a778    00000020     sysbios.aem4f : BIOS.obj (.text:ti_sysbios_knl_Idle_run__E)
                  0000a798    00000020     empty_min_pem4f.oem4f (.text:ti_sysbios_knl_Semaphore_Object__destruct__S)
                  0000a7b8    00000020     empty_min_pem4f.oem4f (.text:ti_uia_loggers_LoggerStopMode_Object__delete__S)
                  0000a7d8    00000020     ti.targets.arm.rtsarm.aem4f : Registry.oem4f (.text:xdc_runtime_Registry_findById__E)
                  0000a7f8    00000020                                 : SysMin.oem4f (.text:xdc_runtime_SysMin_Module_startup__E)
                  0000a818    0000001e     grlib.lib : string.obj (.text:GrFontCodepageGet)
                  0000a836    0000001e     empty_min_pem4f.oem4f (.text:ti_sysbios_BIOS_errorRaiseHook__I)
                  0000a854    0000001e     sysbios.aem4f : m3_Hwi_asm_switch.obj (.text:ti_sysbios_family_xxx_Hwi_switchAndRunFunc)
                  0000a872    0000001c     user_interface.obj (.text:SaveSettings)
                  0000a88e    00000002     --HOLE-- [fill = 0]
                  0000a890    0000001c     driverlib.lib : sysctl.obj (.text:_SysCtlMemTimingGet)
                  0000a8ac    0000001c     drivers_tivaware.aem4f : GPIOTiva.oem4f (.text:getGpioIntIndex)
                  0000a8c8    0000001c     rtsv7M4_T_le_v4SPD16_eabi.lib : memccpy.c.obj (.text:memccpy)
                  0000a8e4    00000004     --HOLE-- [fill = 0]
                  0000a8e8    0000001c     sysbios.aem4f : BIOS.obj (.text:ti_sysbios_gates_GateMutex_Instance_init__E)
                  0000a904    0000001c     empty_min_pem4f.oem4f (.text:ti_sysbios_knl_Queue_Object__destruct__S)
                  0000a920    0000001c     sysbios.aem4f : BIOS.obj (.text:ti_sysbios_knl_Queue_put__E)
                  0000a93c    00000004     --HOLE-- [fill = 0]
                  0000a940    0000001c                   : BIOS.obj (.text:ti_sysbios_knl_Task_enter__I)
                  0000a95c    0000001c     ti.uia.loggers.aem4f : LoggerStopMode.oem4f (.text:ti_uia_loggers_LoggerStopMode_Instance_init__E)
                  0000a978    0000001c     ti.targets.arm.rtsarm.aem4f : Error.oem4f (.text:xdc_runtime_Error_raiseX__E)
                  0000a994    0000001c                                 : Memory.oem4f (.text:xdc_runtime_Memory_valloc__E)
                  0000a9b0    0000001c                                 : SysMin.oem4f (.text:xdc_runtime_SysMin_exit__E)
                  0000a9cc    0000001c                                 : System.oem4f (.text:xdc_runtime_System_abort__E)
                  0000a9e8    0000001a     rtsv7M4_T_le_v4SPD16_eabi.lib : s_copysign.c.obj (.text:copysign)
                  0000aa02    0000001a     empty_min_pem4f.oem4f (.text:ti_sysbios_family_arm_m3_Hwi_Handle__label__S)
                  0000aa1c    0000001a     empty_min_pem4f.oem4f (.text:ti_sysbios_gates_GateHwi_Handle__label__S)
                  0000aa36    0000001a     empty_min_pem4f.oem4f (.text:ti_sysbios_gates_GateMutex_Handle__label__S)
                  0000aa50    0000001a     empty_min_pem4f.oem4f (.text:ti_sysbios_heaps_HeapMem_Handle__label__S)
                  0000aa6a    0000001a     empty_min_pem4f.oem4f (.text:ti_sysbios_knl_Swi_Handle__label__S)
                  0000aa84    0000001a     empty_min_pem4f.oem4f (.text:ti_sysbios_knl_Task_Handle__label__S)
                  0000aa9e    0000001a     empty_min_pem4f.oem4f (.text:ti_uia_loggers_LoggerStopMode_Handle__label__S)
                  0000aab8    0000001a     empty_min_pem4f.oem4f (.text:xdc_runtime_System_aprintf__E)
                  0000aad2    0000001a     empty_min_pem4f.oem4f (.text:xdc_runtime_System_printf__E)
                  0000aaec    00000018     driverlib.lib : gpio.obj (.text:GPIOPinTypeGPIOOutput)
                  0000ab04    00000018     rtsv7M4_T_le_v4SPD16_eabi.lib : args_main.c.obj (.text:_args_main)
                  0000ab1c    00000018                                   : snprintf.c.obj (.text:_outc)
                  0000ab34    00000018                                   : sprintf.c.obj (.text:_outs)
                  0000ab4c    00000018     empty_min_pem4f.oem4f (.text:ti_sysbios_BIOS_rtsUnlock__I)
                  0000ab64    00000018     empty_min_pem4f.oem4f (.text:ti_sysbios_family_arm_lm4_Timer_Module__startupDone__F)
                  0000ab7c    00000018     empty_min_pem4f.oem4f (.text:ti_sysbios_family_arm_m3_Hwi_Module__startupDone__F)
                  0000ab94    00000018     sysbios.aem4f : m3_TaskSupport_asm.obj (.text:ti_sysbios_family_arm_m3_TaskSupport_swap__E)
                  0000abac    00000004     --HOLE-- [fill = 0]
                  0000abb0    00000018                   : BIOS.obj (.text:ti_sysbios_gates_GateMutex_leave__E)
                  0000abc8    00000018                   : BIOS.obj (.text:ti_sysbios_knl_Task_unblock__E)
                  0000abe0    00000018     empty_min.obj (.text:userInterfaceFxn)
                  0000abf8    00000018     ti.targets.arm.rtsarm.aem4f : Error.oem4f (.text:xdc_runtime_Error_check__E)
                  0000ac10    00000018                                 : System.oem4f (.text:xdc_runtime_System_exit__E)
                  0000ac28    00000018                                 : Text.oem4f (.text:xdc_runtime_Text_ropeText__E)
                  0000ac40    00000016     grlib.lib : string.obj (.text:GrStringDraw)
                  0000ac56    00000016     rtsv7M4_T_le_v4SPD16_eabi.lib : strchr.c.obj (.text:strchr)
                  0000ac6c    00000016     empty_min_pem4f.oem4f (.text:ti_sysbios_BIOS_exitFunc__I)
                  0000ac82    00000016     empty_min.obj (.text:ti_sysbios_knl_Clock_Params_init)
                  0000ac98    00000016     empty_min.obj (.text:ti_sysbios_knl_Task_Params_init)
                  0000acae    00000016     ti.uia.loggers.aem4f : LoggerStopMode.oem4f (.text:ti_uia_loggers_LoggerStopMode_disable__E)
                  0000acc4    00000016                          : LoggerStopMode.oem4f (.text:ti_uia_loggers_LoggerStopMode_enable__E)
                  0000acda    00000014     grlib.lib : canvas.obj (.text:CanvasMsgProc)
                  0000acee    00000002     --HOLE-- [fill = 0]
                  0000acf0    00000014     Kentec320x240x16_ssd2119_spi.obj (.text:LED_OFF)
                  0000ad04    00000014     Kentec320x240x16_ssd2119_spi.obj (.text:LED_ON)
                  0000ad18    00000014     grlib.lib : widget.obj (.text:WidgetMutexGet)
                  0000ad2c    00000014     empty_min.obj (.text:clockUpdateFxn)
                  0000ad40    00000014     rtsv7M4_T_le_v4SPD16_eabi.lib : strcpy.c.obj (.text:strcpy)
                  0000ad54    00000014                                   : strlen.c.obj (.text:strlen)
                  0000ad68    00000014     empty_min_pem4f.oem4f (.text:ti_sysbios_family_arm_m3_Hwi_Object__get__S)
                  0000ad7c    00000004     --HOLE-- [fill = 0]
                  0000ad80    00000014     sysbios.aem4f : BIOS.obj (.text:ti_sysbios_family_arm_m3_Hwi_switchFromBootStack__E)
                  0000ad94    00000014     empty_min_pem4f.oem4f (.text:ti_sysbios_heaps_HeapMem_Object__get__S)
                  0000ada8    00000014     empty_min_pem4f.oem4f (.text:ti_sysbios_knl_Swi_Object__get__S)
                  0000adbc    00000012     driverlib.lib : gpio.obj (.text:GPIOPinTypeSSI)
                  0000adce    00000012                   : ssi.obj (.text:SSIDataGetNonBlocking)
                  0000ade0    00000012     sysbios.aem4f : BIOS.obj (.text:ti_sysbios_hal_Hwi_Module_startup__E)
                  0000adf2    00000012     rtsv7M4_T_le_v4SPD16_eabi.lib : wcslen.c.obj (.text:wcslen)
                  0000ae04    00000012     empty_min_pem4f.oem4f (.text:xdc_runtime_Startup_exec__I)
                  0000ae16    00000002     --HOLE-- [fill = 0]
                  0000ae18    00000010     empty_min_pem4f.oem4f (.text:.bootCodeSection:ti_catalog_arm_cortexm4_tiva_ce_Boot_init__I)
                  0000ae28    00000010     sysbios.aem4f : BIOS.obj (.text:ti_sysbios_BIOS_exit__E)
                  0000ae38    00000010                   : BIOS.obj (.text:ti_sysbios_BIOS_setThreadType__E)
                  0000ae48    00000010                   : BIOS.obj (.text:ti_sysbios_BIOS_start__E)
                  0000ae58    00000010                   : BIOS.obj (.text:ti_sysbios_family_arm_lm4_TimestampProvider_rolloverFunc__E)
                  0000ae68    00000010                   : m3_TaskSupport_asm.obj (.text:ti_sysbios_family_arm_m3_TaskSupport_glue)
                  0000ae78    00000010                   : BIOS.obj (.text:ti_sysbios_gates_GateMutex_Instance_finalize__E)
                  0000ae88    00000010                   : BIOS.obj (.text:ti_sysbios_knl_Semaphore_Instance_finalize__E)
                  0000ae98    00000010                   : BIOS.obj (.text:ti_sysbios_knl_Swi_disable__E)
                  0000aea8    00000010                   : BIOS.obj (.text:ti_sysbios_knl_Task_disable__E)
                  0000aeb8    00000010     empty_min_pem4f.oem4f (.text:ti_uia_loggers_LoggerStopMode_Object__get__S)
                  0000aec8    00000010     ti.uia.loggers.aem4f : LoggerStopMode.oem4f (.text:ti_uia_loggers_LoggerStopMode_isEmpty__E)
                  0000aed8    00000010     ti.targets.arm.rtsarm.aem4f : Gate.oem4f (.text:xdc_runtime_Gate_leaveSystem__E)
                  0000aee8    00000010                                 : Memory.oem4f (.text:xdc_runtime_Memory_free__E)
                  0000aef8    00000010                                 : SysMin.oem4f (.text:xdc_runtime_SysMin_ready__E)
                  0000af08    00000010                                 : System.oem4f (.text:xdc_runtime_System_vsnprintf__E)
                  0000af18    00000010     empty_min_pem4f.oem4f (.text:xdc_runtime_Text_visitRope__I)
                  0000af28    0000000e     driverlib.lib : gpio.obj (.text:GPIOIntStatus)
                  0000af36    0000000e     grlib.lib : image.obj (.text:GrImageDraw)
                  0000af44    0000000e     rtsv7M4_T_le_v4SPD16_eabi.lib : time.c.obj (.text:__time32)
                  0000af52    0000000e                                   : copy_decompress_none.c.obj (.text:decompress:none:__TI_decompress_none)
                  0000af60    0000000e     sysbios.aem4f : BIOS.obj (.text:ti_sysbios_knl_Queue_empty__E)
                  0000af6e    0000000e     empty_min_pem4f.oem4f (.text:ti_sysbios_knl_Task_Object__get__S)
                  0000af7c    0000000c     rtsv7M4_T_le_v4SPD16_eabi.lib : _lock.c.obj (.text:_register_lock)
                  0000af88    0000000c                                   : _lock.c.obj (.text:_register_unlock)
                  0000af94    0000000c                                   : copy_zero_init.c.obj (.text:decompress:ZI:__TI_zero_init)
                  0000afa0    0000000c     sysbios.aem4f : BIOS.obj (.text:ti_sysbios_family_arm_lm4_Timer_getMaxTicks__E)
                  0000afac    00000004     --HOLE-- [fill = 0]
                  0000afb0    0000000c                   : BIOS.obj (.text:ti_sysbios_family_arm_lm4_TimestampProvider_startTimer__E)
                  0000afbc    0000000c     empty_min_pem4f.oem4f (.text:ti_sysbios_family_arm_m3_Hwi_Params__init__S)
                  0000afc8    0000000c     sysbios.aem4f : BIOS.obj (.text:ti_sysbios_family_arm_m3_Hwi_disableFxn__E)
                  0000afd4    00000004     --HOLE-- [fill = 0]
                  0000afd8    0000000c                   : BIOS.obj (.text:ti_sysbios_family_arm_m3_TaskSupport_getStackAlignment__E)
                  0000afe4    00000004     --HOLE-- [fill = 0]
                  0000afe8    0000000c                   : BIOS.obj (.text:ti_sysbios_gates_GateHwi_enter__E)
                  0000aff4    0000000c     empty_min_pem4f.oem4f (.text:ti_sysbios_knl_Clock_Params__init__S)
                  0000b000    0000000c     sysbios.aem4f : BIOS.obj (.text:ti_sysbios_knl_Clock_getTickPeriod__E)
                  0000b00c    0000000c     empty_min_pem4f.oem4f (.text:ti_sysbios_knl_Queue_Object__get__S)
                  0000b018    0000000c     empty_min_pem4f.oem4f (.text:ti_sysbios_knl_Task_Params__init__S)
                  0000b024    0000000c     ti.targets.arm.rtsarm.aem4f : Error.oem4f (.text:xdc_runtime_Error_init__E)
                  0000b030    0000000c                                 : Gate.oem4f (.text:xdc_runtime_Gate_enterSystem__E)
                  0000b03c    0000000c                                 : Memory.oem4f (.text:xdc_runtime_Memory_calloc__E)
                  0000b048    0000000c                                 : Memory.oem4f (.text:xdc_runtime_Memory_getMaxDefaultTypeAlign__E)
                  0000b054    0000000a     Kentec320x240x16_ssd2119_spi.obj (.text:Kentec320x240x16_SSD2119Flush)
                  0000b05e    0000000a     driverlib.lib : ssi.obj (.text:SSIDataPut)
                  0000b068    0000000a                   : ssi.obj (.text:SSIEnable)
                  0000b072    0000000a     rtsv7M4_T_le_v4SPD16_eabi.lib : sprintf.c.obj (.text:_outc)
                  0000b07c    0000000a     empty_min_pem4f.oem4f (.text:xdc_runtime_IHeap_alloc)
                  0000b086    0000000a     empty_min_pem4f.oem4f (.text:xdc_runtime_IHeap_free)
                  0000b090    00000008     EK_TM4C1294XL.obj (.text:EK_TM4C1294XL_initGPIO)
                  0000b098    00000008     grlib.lib : charmap.obj (.text:GrMapISO8859_1_Unicode)
                  0000b0a0    00000008     driverlib.lib : ssi.obj (.text:SSIBusy)
                  0000b0a8    00000008     rtsv7M4_T_le_v4SPD16_eabi.lib : errno.c.obj (.text:__aeabi_errno_addr)
                  0000b0b0    00000008     interface_button.obj (.text:initInterfaceButton)
                  0000b0b8    00000008     sysbios.aem4f : BIOS.obj (.text:ti_sysbios_family_arm_lm4_Timer_masterDisable__I)
                  0000b0c0    00000008                   : BIOS.obj (.text:ti_sysbios_family_arm_m3_Hwi_doSwiRestore__I)
                  0000b0c8    00000008                   : BIOS.obj (.text:ti_sysbios_family_arm_m3_Hwi_startup__E)
                  0000b0d0    00000006     grlib.lib : string.obj (.text:GrContextFontSet)
                  0000b0d6    00000006     driverlib.lib : sysctl.obj (.text:SysCtlDelay)
                  0000b0dc    00000006     grlib.lib : widget.obj (.text:WidgetMutexPut)
                  0000b0e2    00000006     ti.targets.arm.rtsarm.aem4f : System.oem4f (.text:xdc_runtime_System_Module_startup__E)
                  0000b0e8    00000006     sysbios.aem4f : BIOS.obj (.text:ti_sysbios_family_arm_lm4_TimestampProvider_Module_startup__E)
                  0000b0ee    00000002     --HOLE-- [fill = 0]
                  0000b0f0    00000006                   : BIOS.obj (.text:ti_sysbios_family_arm_m3_Hwi_doTaskRestore__I)
                  0000b0f6    00000002     --HOLE-- [fill = 0]
                  0000b0f8    00000006                   : BIOS.obj (.text:ti_sysbios_family_arm_m3_Hwi_restoreFxn__E)
                  0000b0fe    00000002     --HOLE-- [fill = 0]
                  0000b100    00000006                   : BIOS.obj (.text:ti_sysbios_gates_GateHwi_leave__E)
                  0000b106    00000002     --HOLE-- [fill = 0]
                  0000b108    00000006                   : BIOS.obj (.text:ti_sysbios_heaps_HeapMem_isBlocking__E)
                  0000b10e    00000002     --HOLE-- [fill = 0]
                  0000b110    00000006                   : BIOS.obj (.text:ti_sysbios_knl_Queue_Instance_init__E)
                  0000b116    00000002     --HOLE-- [fill = 0]
                  0000b118    00000006                   : BIOS.obj (.text:ti_sysbios_knl_Swi_startup__E)
                  0000b11e    00000002     --HOLE-- [fill = 0]
                  0000b120    00000004                   : BIOS.obj (.text:ti_sysbios_family_arm_lm4_Timer_getPeriod__E)
                  0000b124    00000004     --HOLE-- [fill = 0]
                  0000b128    00000004                   : BIOS.obj (.text:ti_sysbios_gates_GateHwi_query__E)
                  0000b12c    00000004     --HOLE-- [fill = 0]
                  0000b130    00000004                   : BIOS.obj (.text:ti_sysbios_gates_GateMutex_query__E)
                  0000b134    00000004     --HOLE-- [fill = 0]
                  0000b138    00000004                   : BIOS.obj (.text:ti_sysbios_knl_Task_startup__E)
                  0000b13c    00000004     --HOLE-- [fill = 0]
                  0000b140    00000002                   : BIOS.obj (.text:ti_sysbios_gates_GateHwi_Instance_init__E)

.const     0    0000b144    000035e4     
                  0000b144    00001f0e     empty_min_pem4f.oem4f (.const:xdc_runtime_Text_charTab__A)
                  0000d052    00000782     grlib.lib : fontcmss18b.obj (.const:.string:g_pui8Cmss18bData)
                  0000d7d4    00000120     Boot.aem4f : Boot_sysctl.oem4f (.const:g_pppui32XTALtoVCO)
                  0000d8f4    00000120     driverlib.lib : sysctl.obj (.const:g_pppui32XTALtoVCO)
                  0000da14    00000101     rtsv7M4_T_le_v4SPD16_eabi.lib : ctype.c.obj (.const:.string:_ctypes_)
                  0000db15    00000001     empty_min_pem4f.oem4f (.const:xdc_runtime_Error_policy__C)
                  0000db16    000000f8     empty_min_pem4f.oem4f (.const:xdc_runtime_Text_nodeTab__A)
                  0000dc0e    00000002     empty_min_pem4f.oem4f (.const:ti_catalog_arm_cortexm4_tiva_ce_Boot_Module__id__C)
                  0000dc10    000000c8     grlib.lib : fontcmss18b.obj (.const:g_sFontCmss18b)
                  0000dcd8    00000090     driverlib.lib : gpio.obj (.const:g_pui32GPIOBaseAddrs)
                  0000dd68    00000076     user_interface.obj (.const:.string)
                  0000ddde    00000002     empty_min_pem4f.oem4f (.const:ti_sysbios_family_arm_lm4_TimestampProvider_useClockTimer__C)
                  0000dde0    0000006c     Boot.aem4f : Boot_sysctl.oem4f (.const:g_pui32Xtals)
                  0000de4c    0000006c     driverlib.lib : sysctl.obj (.const:g_pui32Xtals)
                  0000deb8    00000060     rtsv7M4_T_le_v4SPD16_eabi.lib : mktime.c.obj (.const:$O1$$)
                  0000df18    00000060     empty_min_pem4f.oem4f (.const:ti_uia_loggers_LoggerStopMode_Module__FXNS__C)
                  0000df78    00000054     drivers_tivaware.aem4f : GPIOTiva.oem4f (.const:.string)
                  0000dfcc    0000004c     rtsv7M4_T_le_v4SPD16_eabi.lib : asctime.c.obj (.const:$O1$$)
                  0000e018    0000004c                                   : asctime.c.obj (.const:.string)
                  0000e064    00000048     empty_min_pem4f.oem4f (.const:.string)
                  0000e0ac    00000048     drivers_tivaware.aem4f : GPIOTiva.oem4f (.const:gpioBaseAddresses)
                  0000e0f4    0000003c     empty_min_pem4f.oem4f (.const:ti_sysbios_knl_Task_Object__PARAMS__C)
                  0000e130    00000030     Boot.aem4f : Boot_sysctl.oem4f (.const:g_sXTALtoMEMTIM)
                  0000e160    00000030     driverlib.lib : sysctl.obj (.const:g_sXTALtoMEMTIM)
                  0000e190    00000030     empty_min_pem4f.oem4f (.const:ti_sysbios_family_arm_m3_Hwi_Object__PARAMS__C)
                  0000e1c0    00000028     Kentec320x240x16_ssd2119_spi.obj (.const:g_sKentec320x240x16_SSD2119)
                  0000e1e8    00000028     empty_min_pem4f.oem4f (.const:ti_sysbios_heaps_HeapMem_Module__FXNS__C)
                  0000e210    00000028     empty_min_pem4f.oem4f (.const:ti_uia_loggers_LoggerStopMode_Object__PARAMS__C)
                  0000e238    00000028     empty_min_pem4f.oem4f (.const:xdc_runtime_Startup_sfxnTab__A)
                  0000e260    00000024     empty_min_pem4f.oem4f (.const:ti_sysbios_gates_GateHwi_Module__FXNS__C)
                  0000e284    00000024     empty_min_pem4f.oem4f (.const:ti_sysbios_gates_GateMutex_Module__FXNS__C)
                  0000e2a8    00000024     empty_min_pem4f.oem4f (.const:ti_sysbios_heaps_HeapMem_Object__PARAMS__C)
                  0000e2cc    00000024     empty_min_pem4f.oem4f (.const:ti_sysbios_knl_Clock_Object__PARAMS__C)
                  0000e2f0    00000024     empty_min_pem4f.oem4f (.const:ti_sysbios_knl_Semaphore_Object__PARAMS__C)
                  0000e314    00000020     empty_min_pem4f.oem4f (.const:ti_sysbios_family_arm_m3_Hwi_Object__DESC__C)
                  0000e334    00000020     empty_min_pem4f.oem4f (.const:ti_sysbios_gates_GateHwi_Object__DESC__C)
                  0000e354    00000020     empty_min_pem4f.oem4f (.const:ti_sysbios_gates_GateMutex_Object__DESC__C)
                  0000e374    00000020     empty_min_pem4f.oem4f (.const:ti_sysbios_heaps_HeapMem_Object__DESC__C)
                  0000e394    00000020     empty_min_pem4f.oem4f (.const:ti_sysbios_knl_Clock_Object__DESC__C)
                  0000e3b4    00000020     empty_min_pem4f.oem4f (.const:ti_sysbios_knl_Queue_Object__DESC__C)
                  0000e3d4    00000020     empty_min_pem4f.oem4f (.const:ti_sysbios_knl_Semaphore_Object__DESC__C)
                  0000e3f4    00000020     empty_min_pem4f.oem4f (.const:ti_sysbios_knl_Task_Object__DESC__C)
                  0000e414    00000020     empty_min_pem4f.oem4f (.const:ti_uia_loggers_LoggerStopMode_Object__DESC__C)
                  0000e434    00000018     empty_min_pem4f.oem4f (.const:ti_sysbios_gates_GateHwi_Object__PARAMS__C)
                  0000e44c    00000018     empty_min_pem4f.oem4f (.const:ti_sysbios_gates_GateMutex_Object__PARAMS__C)
                  0000e464    00000018     empty_min_pem4f.oem4f (.const:ti_sysbios_knl_Queue_Object__PARAMS__C)
                  0000e47c    00000014     EK_TM4C1294XL.obj (.const:GPIOTiva_config)
                  0000e490    00000014     empty_min_pem4f.oem4f (.const:xdc_runtime_Startup_firstFxns__A)
                  0000e4a4    00000014     empty_min_pem4f.oem4f (.const:xdc_runtime_Startup_sfxnRts__A)
                  0000e4b8    00000010     grlib.lib : context.obj (.const)
                  0000e4c8    00000008     Boot.aem4f : Boot_sysctl.oem4f (.const)
                  0000e4d0    00000008     driverlib.lib : sysctl.obj (.const)
                  0000e4d8    00000008     empty_min_pem4f.oem4f (.const:ti_sysbios_family_arm_m3_Hwi_excHookFuncs__A)
                  0000e4e0    00000008     empty_min_pem4f.oem4f (.const:ti_sysbios_knl_Idle_funcList__C)
                  0000e4e8    00000008     empty_min_pem4f.oem4f (.const:xdc_runtime_Startup_firstFxns__C)
                  0000e4f0    00000008     empty_min_pem4f.oem4f (.const:xdc_runtime_Startup_lastFxns__C)
                  0000e4f8    00000007     user_interface.obj (.const:.string:$P$T0$2)
                  0000e4ff    00000001     --HOLE-- [fill = 0]
                  0000e500    00000004     empty_min_pem4f.oem4f (.const:ti_catalog_arm_cortexm4_tiva_ce_Boot_A_mustNotUseEnhancedClockMode__C)
                  0000e504    00000004     empty_min_pem4f.oem4f (.const:ti_catalog_arm_cortexm4_tiva_ce_Boot_Module__diagsEnabled__C)
                  0000e508    00000004     empty_min_pem4f.oem4f (.const:ti_catalog_arm_cortexm4_tiva_ce_Boot_Module__diagsIncluded__C)
                  0000e50c    00000004     empty_min_pem4f.oem4f (.const:ti_catalog_arm_cortexm4_tiva_ce_Boot_Module__diagsMask__C)
                  0000e510    00000004     empty_min_pem4f.oem4f (.const:ti_sysbios_family_arm_lm4_Timer_enableFunc__C)
                  0000e514    00000004     empty_min_pem4f.oem4f (.const:ti_sysbios_family_arm_lm4_Timer_numTimerDevices__C)
                  0000e518    00000004     empty_min_pem4f.oem4f (.const:ti_sysbios_family_arm_lm4_Timer_startupNeeded__C)
                  0000e51c    00000004     empty_min_pem4f.oem4f (.const:ti_sysbios_family_arm_m3_Hwi_E_NMI__C)
                  0000e520    00000004     empty_min_pem4f.oem4f (.const:ti_sysbios_family_arm_m3_Hwi_E_alreadyDefined__C)
                  0000e524    00000004     empty_min_pem4f.oem4f (.const:ti_sysbios_family_arm_m3_Hwi_E_busFault__C)
                  0000e528    00000004     empty_min_pem4f.oem4f (.const:ti_sysbios_family_arm_m3_Hwi_E_debugMon__C)
                  0000e52c    00000004     empty_min_pem4f.oem4f (.const:ti_sysbios_family_arm_m3_Hwi_E_hardFault__C)
                  0000e530    00000004     empty_min_pem4f.oem4f (.const:ti_sysbios_family_arm_m3_Hwi_E_memFault__C)
                  0000e534    00000004     empty_min_pem4f.oem4f (.const:ti_sysbios_family_arm_m3_Hwi_E_noIsr__C)
                  0000e538    00000004     empty_min_pem4f.oem4f (.const:ti_sysbios_family_arm_m3_Hwi_E_reserved__C)
                  0000e53c    00000004     empty_min_pem4f.oem4f (.const:ti_sysbios_family_arm_m3_Hwi_E_svCall__C)
                  0000e540    00000004     empty_min_pem4f.oem4f (.const:ti_sysbios_family_arm_m3_Hwi_E_usageFault__C)
                  0000e544    00000004     empty_min_pem4f.oem4f (.const:ti_sysbios_family_arm_m3_Hwi_LD_end__C)
                  0000e548    00000004     empty_min_pem4f.oem4f (.const:ti_sysbios_family_arm_m3_Hwi_LM_begin__C)
                  0000e54c    00000004     empty_min_pem4f.oem4f (.const:ti_sysbios_family_arm_m3_Hwi_Module__diagsEnabled__C)
                  0000e550    00000004     empty_min_pem4f.oem4f (.const:ti_sysbios_family_arm_m3_Hwi_Module__diagsIncluded__C)
                  0000e554    00000004     empty_min_pem4f.oem4f (.const:ti_sysbios_family_arm_m3_Hwi_Module__diagsMask__C)
                  0000e558    00000004     empty_min_pem4f.oem4f (.const:ti_sysbios_family_arm_m3_Hwi_Module__loggerFxn1__C)
                  0000e55c    00000004     empty_min_pem4f.oem4f (.const:ti_sysbios_family_arm_m3_Hwi_Module__loggerFxn8__C)
                  0000e560    00000004     empty_min_pem4f.oem4f (.const:ti_sysbios_family_arm_m3_Hwi_Module__loggerObj__C)
                  0000e564    00000004     empty_min_pem4f.oem4f (.const:ti_sysbios_family_arm_m3_Hwi_NUM_INTERRUPTS__C)
                  0000e568    00000004     empty_min_pem4f.oem4f (.const:ti_sysbios_family_arm_m3_Hwi_Object__count__C)
                  0000e56c    00000004     empty_min_pem4f.oem4f (.const:ti_sysbios_family_arm_m3_Hwi_ccr__C)
                  0000e570    00000004     empty_min_pem4f.oem4f (.const:ti_sysbios_family_arm_m3_Hwi_excHandlerFunc__C)
                  0000e574    00000004     empty_min_pem4f.oem4f (.const:ti_sysbios_family_arm_m3_Hwi_excHookFuncs__C)
                  0000e578    00000004     empty_min_pem4f.oem4f (.const:ti_sysbios_family_arm_m3_Hwi_nullIsrFunc__C)
                  0000e57c    00000004     empty_min_pem4f.oem4f (.const:ti_sysbios_family_arm_m3_Hwi_priGroup__C)
                  0000e580    00000004     empty_min_pem4f.oem4f (.const:ti_sysbios_family_arm_m3_TaskSupport_stackAlignment__C)
                  0000e584    00000004     empty_min_pem4f.oem4f (.const:ti_sysbios_gates_GateMutex_Instance_State_sem__O)
                  0000e588    00000004     empty_min_pem4f.oem4f (.const:ti_sysbios_heaps_HeapMem_E_memory__C)
                  0000e58c    00000004     empty_min_pem4f.oem4f (.const:ti_sysbios_heaps_HeapMem_Module__gateObj__C)
                  0000e590    00000004     empty_min_pem4f.oem4f (.const:ti_sysbios_heaps_HeapMem_Object__count__C)
                  0000e594    00000004     empty_min_pem4f.oem4f (.const:ti_sysbios_heaps_HeapMem_reqAlign__C)
                  0000e598    00000004     empty_min_pem4f.oem4f (.const:ti_sysbios_knl_Clock_LM_begin__C)
                  0000e59c    00000004     empty_min_pem4f.oem4f (.const:ti_sysbios_knl_Clock_LM_tick__C)
                  0000e5a0    00000004     empty_min_pem4f.oem4f (.const:ti_sysbios_knl_Clock_LW_delayed__C)
                  0000e5a4    00000004     empty_min_pem4f.oem4f (.const:ti_sysbios_knl_Clock_Module_State_clockQ__O)
                  0000e5a8    00000004     empty_min_pem4f.oem4f (.const:ti_sysbios_knl_Clock_Module__diagsEnabled__C)
                  0000e5ac    00000004     empty_min_pem4f.oem4f (.const:ti_sysbios_knl_Clock_Module__diagsIncluded__C)
                  0000e5b0    00000004     empty_min_pem4f.oem4f (.const:ti_sysbios_knl_Clock_Module__diagsMask__C)
                  0000e5b4    00000004     empty_min_pem4f.oem4f (.const:ti_sysbios_knl_Clock_Module__loggerFxn1__C)
                  0000e5b8    00000004     empty_min_pem4f.oem4f (.const:ti_sysbios_knl_Clock_Module__loggerFxn2__C)
                  0000e5bc    00000004     empty_min_pem4f.oem4f (.const:ti_sysbios_knl_Clock_Module__loggerObj__C)
                  0000e5c0    00000004     empty_min_pem4f.oem4f (.const:ti_sysbios_knl_Semaphore_Instance_State_pendQ__O)
                  0000e5c4    00000004     empty_min_pem4f.oem4f (.const:ti_sysbios_knl_Semaphore_LM_pend__C)
                  0000e5c8    00000004     empty_min_pem4f.oem4f (.const:ti_sysbios_knl_Semaphore_LM_post__C)
                  0000e5cc    00000004     empty_min_pem4f.oem4f (.const:ti_sysbios_knl_Semaphore_Module__diagsEnabled__C)
                  0000e5d0    00000004     empty_min_pem4f.oem4f (.const:ti_sysbios_knl_Semaphore_Module__diagsIncluded__C)
                  0000e5d4    00000004     empty_min_pem4f.oem4f (.const:ti_sysbios_knl_Semaphore_Module__diagsMask__C)
                  0000e5d8    00000004     empty_min_pem4f.oem4f (.const:ti_sysbios_knl_Semaphore_Module__loggerFxn2__C)
                  0000e5dc    00000004     empty_min_pem4f.oem4f (.const:ti_sysbios_knl_Semaphore_Module__loggerFxn4__C)
                  0000e5e0    00000004     empty_min_pem4f.oem4f (.const:ti_sysbios_knl_Semaphore_Module__loggerObj__C)
                  0000e5e4    00000004     empty_min_pem4f.oem4f (.const:ti_sysbios_knl_Swi_LD_end__C)
                  0000e5e8    00000004     empty_min_pem4f.oem4f (.const:ti_sysbios_knl_Swi_LM_begin__C)
                  0000e5ec    00000004     empty_min_pem4f.oem4f (.const:ti_sysbios_knl_Swi_LM_post__C)
                  0000e5f0    00000004     empty_min_pem4f.oem4f (.const:ti_sysbios_knl_Swi_Module__diagsEnabled__C)
                  0000e5f4    00000004     empty_min_pem4f.oem4f (.const:ti_sysbios_knl_Swi_Module__diagsIncluded__C)
                  0000e5f8    00000004     empty_min_pem4f.oem4f (.const:ti_sysbios_knl_Swi_Module__diagsMask__C)
                  0000e5fc    00000004     empty_min_pem4f.oem4f (.const:ti_sysbios_knl_Swi_Module__loggerFxn1__C)
                  0000e600    00000004     empty_min_pem4f.oem4f (.const:ti_sysbios_knl_Swi_Module__loggerFxn4__C)
                  0000e604    00000004     empty_min_pem4f.oem4f (.const:ti_sysbios_knl_Swi_Module__loggerObj__C)
                  0000e608    00000004     empty_min_pem4f.oem4f (.const:ti_sysbios_knl_Swi_Object__count__C)
                  0000e60c    00000004     empty_min_pem4f.oem4f (.const:ti_sysbios_knl_Task_LD_block__C)
                  0000e610    00000004     empty_min_pem4f.oem4f (.const:ti_sysbios_knl_Task_LD_exit__C)
                  0000e614    00000004     empty_min_pem4f.oem4f (.const:ti_sysbios_knl_Task_LD_ready__C)
                  0000e618    00000004     empty_min_pem4f.oem4f (.const:ti_sysbios_knl_Task_LM_switch__C)
                  0000e61c    00000004     empty_min_pem4f.oem4f (.const:ti_sysbios_knl_Task_Module_State_inactiveQ__O)
                  0000e620    00000004     empty_min_pem4f.oem4f (.const:ti_sysbios_knl_Task_Module__diagsEnabled__C)
                  0000e624    00000004     empty_min_pem4f.oem4f (.const:ti_sysbios_knl_Task_Module__diagsIncluded__C)
                  0000e628    00000004     empty_min_pem4f.oem4f (.const:ti_sysbios_knl_Task_Module__diagsMask__C)
                  0000e62c    00000004     empty_min_pem4f.oem4f (.const:ti_sysbios_knl_Task_Module__loggerFxn2__C)
                  0000e630    00000004     empty_min_pem4f.oem4f (.const:ti_sysbios_knl_Task_Module__loggerFxn4__C)
                  0000e634    00000004     empty_min_pem4f.oem4f (.const:ti_sysbios_knl_Task_Module__loggerObj__C)
                  0000e638    00000004     empty_min_pem4f.oem4f (.const:ti_sysbios_knl_Task_Object__count__C)
                  0000e63c    00000004     empty_min_pem4f.oem4f (.const:ti_sysbios_knl_Task_allBlockedFunc__C)
                  0000e640    00000004     empty_min_pem4f.oem4f (.const:ti_sysbios_knl_Task_defaultStackHeap__C)
                  0000e644    00000004     empty_min_pem4f.oem4f (.const:ti_sysbios_knl_Task_defaultStackSize__C)
                  0000e648    00000004     empty_min_pem4f.oem4f (.const:ti_sysbios_knl_Task_numConstructedTasks__C)
                  0000e64c    00000004     empty_min_pem4f.oem4f (.const:ti_uia_loggers_LoggerStopMode_Module__diagsEnabled__C)
                  0000e650    00000004     empty_min_pem4f.oem4f (.const:ti_uia_loggers_LoggerStopMode_Module__diagsIncluded__C)
                  0000e654    00000004     empty_min_pem4f.oem4f (.const:ti_uia_loggers_LoggerStopMode_Module__diagsMask__C)
                  0000e658    00000004     empty_min_pem4f.oem4f (.const:ti_uia_loggers_LoggerStopMode_Object__count__C)
                  0000e65c    00000004     empty_min_pem4f.oem4f (.const:ti_uia_runtime_ILoggerSnapshot_Interface__BASE__C)
                  0000e660    00000004     empty_min_pem4f.oem4f (.const:ti_uia_runtime_IUIATransfer_Interface__BASE__C)
                  0000e664    00000004     empty_min_pem4f.oem4f (.const:xdc_runtime_Assert_E_assertFailed__C)
                  0000e668    00000004     empty_min_pem4f.oem4f (.const:xdc_runtime_Core_A_initializedParams__C)
                  0000e66c    00000004     empty_min_pem4f.oem4f (.const:xdc_runtime_Core_Module__diagsEnabled__C)
                  0000e670    00000004     empty_min_pem4f.oem4f (.const:xdc_runtime_Core_Module__diagsIncluded__C)
                  0000e674    00000004     empty_min_pem4f.oem4f (.const:xdc_runtime_Core_Module__diagsMask__C)
                  0000e678    00000004     empty_min_pem4f.oem4f (.const:xdc_runtime_Error_E_memory__C)
                  0000e67c    00000004     empty_min_pem4f.oem4f (.const:xdc_runtime_Error_Module__diagsEnabled__C)
                  0000e680    00000004     empty_min_pem4f.oem4f (.const:xdc_runtime_Error_Module__diagsIncluded__C)
                  0000e684    00000004     empty_min_pem4f.oem4f (.const:xdc_runtime_Error_Module__diagsMask__C)
                  0000e688    00000004     empty_min_pem4f.oem4f (.const:xdc_runtime_Error_Module__loggerFxn8__C)
                  0000e68c    00000004     empty_min_pem4f.oem4f (.const:xdc_runtime_Error_Module__loggerObj__C)
                  0000e690    00000004     empty_min_pem4f.oem4f (.const:xdc_runtime_Error_policyFxn__C)
                  0000e694    00000004     empty_min_pem4f.oem4f (.const:xdc_runtime_Error_raiseHook__C)
                  0000e698    00000004     empty_min_pem4f.oem4f (.const:xdc_runtime_IFilterLogger_Interface__BASE__C)
                  0000e69c    00000004     empty_min_pem4f.oem4f (.const:xdc_runtime_IGateProvider_Interface__BASE__C)
                  0000e6a0    00000004     empty_min_pem4f.oem4f (.const:xdc_runtime_IHeap_Interface__BASE__C)
                  0000e6a4    00000004     empty_min_pem4f.oem4f (.const:xdc_runtime_ILogger_Interface__BASE__C)
                  0000e6a8    00000004     empty_min_pem4f.oem4f (.const:xdc_runtime_IModule_Interface__BASE__C)
                  0000e6ac    00000004     empty_min_pem4f.oem4f (.const:xdc_runtime_Log_L_error__C)
                  0000e6b0    00000004     empty_min_pem4f.oem4f (.const:xdc_runtime_Memory_defaultHeapInstance__C)
                  0000e6b4    00000004     empty_min_pem4f.oem4f (.const:xdc_runtime_Startup_execImpl__C)
                  0000e6b8    00000004     empty_min_pem4f.oem4f (.const:xdc_runtime_Startup_lastFxns__A)
                  0000e6bc    00000004     empty_min_pem4f.oem4f (.const:xdc_runtime_Startup_maxPasses__C)
                  0000e6c0    00000004     empty_min_pem4f.oem4f (.const:xdc_runtime_Startup_sfxnRts__C)
                  0000e6c4    00000004     empty_min_pem4f.oem4f (.const:xdc_runtime_Startup_sfxnTab__C)
                  0000e6c8    00000004     empty_min_pem4f.oem4f (.const:xdc_runtime_SysMin_bufSize__C)
                  0000e6cc    00000004     empty_min_pem4f.oem4f (.const:xdc_runtime_SysMin_outputFunc__C)
                  0000e6d0    00000004     empty_min_pem4f.oem4f (.const:xdc_runtime_System_Module__gateObj__C)
                  0000e6d4    00000004     empty_min_pem4f.oem4f (.const:xdc_runtime_System_abortFxn__C)
                  0000e6d8    00000004     empty_min_pem4f.oem4f (.const:xdc_runtime_System_exitFxn__C)
                  0000e6dc    00000004     empty_min_pem4f.oem4f (.const:xdc_runtime_System_extendFxn__C)
                  0000e6e0    00000004     empty_min_pem4f.oem4f (.const:xdc_runtime_System_maxAtexitHandlers__C)
                  0000e6e4    00000004     empty_min_pem4f.oem4f (.const:xdc_runtime_Text_charTab__C)
                  0000e6e8    00000004     empty_min_pem4f.oem4f (.const:xdc_runtime_Text_nameEmpty__C)
                  0000e6ec    00000004     empty_min_pem4f.oem4f (.const:xdc_runtime_Text_nameStatic__C)
                  0000e6f0    00000004     empty_min_pem4f.oem4f (.const:xdc_runtime_Text_nameUnknown__C)
                  0000e6f4    00000004     empty_min_pem4f.oem4f (.const:xdc_runtime_Text_nodeTab__C)
                  0000e6f8    00000004     empty_min_pem4f.oem4f (.const:xdc_runtime_Text_visitRopeFxn__C)
                  0000e6fc    00000002     empty_min_pem4f.oem4f (.const:ti_sysbios_family_arm_m3_Hwi_Module__id__C)
                  0000e6fe    00000002     empty_min_pem4f.oem4f (.const:ti_sysbios_family_arm_m3_Hwi_Module__loggerDefined__C)
                  0000e700    00000002     empty_min_pem4f.oem4f (.const:ti_sysbios_heaps_HeapMem_Module__id__C)
                  0000e702    00000002     empty_min_pem4f.oem4f (.const:ti_sysbios_knl_Clock_Module__id__C)
                  0000e704    00000002     empty_min_pem4f.oem4f (.const:ti_sysbios_knl_Clock_Module__loggerDefined__C)
                  0000e706    00000002     empty_min_pem4f.oem4f (.const:ti_sysbios_knl_Semaphore_Module__id__C)
                  0000e708    00000002     empty_min_pem4f.oem4f (.const:ti_sysbios_knl_Semaphore_Module__loggerDefined__C)
                  0000e70a    00000002     empty_min_pem4f.oem4f (.const:ti_sysbios_knl_Swi_Module__id__C)
                  0000e70c    00000002     empty_min_pem4f.oem4f (.const:ti_sysbios_knl_Swi_Module__loggerDefined__C)
                  0000e70e    00000002     empty_min_pem4f.oem4f (.const:ti_sysbios_knl_Task_Module__id__C)
                  0000e710    00000002     empty_min_pem4f.oem4f (.const:ti_sysbios_knl_Task_Module__loggerDefined__C)
                  0000e712    00000002     empty_min_pem4f.oem4f (.const:ti_uia_loggers_LoggerStopMode_Module__id__C)
                  0000e714    00000002     empty_min_pem4f.oem4f (.const:ti_uia_loggers_LoggerStopMode_isTimestampEnabled__C)
                  0000e716    00000002     empty_min_pem4f.oem4f (.const:xdc_runtime_Core_Module__id__C)
                  0000e718    00000002     empty_min_pem4f.oem4f (.const:xdc_runtime_Error_Module__loggerDefined__C)
                  0000e71a    00000002     empty_min_pem4f.oem4f (.const:xdc_runtime_Error_maxDepth__C)
                  0000e71c    00000002     empty_min_pem4f.oem4f (.const:xdc_runtime_Memory_Module__id__C)
                  0000e71e    00000002     empty_min_pem4f.oem4f (.const:xdc_runtime_SysMin_flushAtExit__C)
                  0000e720    00000002     empty_min_pem4f.oem4f (.const:xdc_runtime_Text_charCnt__C)
                  0000e722    00000002     empty_min_pem4f.oem4f (.const:xdc_runtime_Text_isLoaded__C)
                  0000e724    00000002     empty_min_pem4f.oem4f (.const:xdc_runtime_Text_registryModsLastId__C)
                  0000e726    00000002     empty_min_pem4f.oem4f (.const:xdc_runtime_Text_unnamedModsLastId__C)

.cinit     0    0000e728    00000390     
                  0000e728    0000035c     (.cinit..data.load) [load image, compression = lzss]
                  0000ea84    0000000c     (__TI_handler_table)
                  0000ea90    00000008     (.cinit..bss.load) [load image, compression = zero_init]
                  0000ea98    00000008     (.cinit..vecs.load) [load image, compression = zero_init]
                  0000eaa0    00000018     (__TI_cinit_table)

.init_array 
*          0    00000000    00000000     UNINITIALIZED

.resetVecs 
*          0    00000000    0000003c     
                  00000000    0000003c     empty_min_pem4f.oem4f (.resetVecs)

.bss       0    20000380    00001c00     UNINITIALIZED
                  20000380    00000800     (.common:taskStack)
                  20000b80    00000400     (.common:ti_sysbios_heaps_HeapMem_Instance_State_0_buf__A)
                  20000f80    00000400     (.common:ti_uia_loggers_LoggerStopMode_Instance_State_0_packetArray__A)
                  20001380    00000400     (.common:ti_uia_loggers_LoggerStopMode_Instance_State_1_packetArray__A)
                  20001780    00000360     (.common:ti_sysbios_family_arm_m3_Hwi_dispatchTable)
                  20001ae0    00000140     grlib.lib : widget.obj (.bss:g_psMQ)
                  20001c20    00000120     rtsv7M4_T_le_v4SPD16_eabi.lib : trgmsg.c.obj (.bss:_CIOBUF_)
                  20001d40    00000090     drivers_tivaware.aem4f : GPIOTiva.oem4f (.bss:gpioCallbackInfo)
                  20001dd0    00000080     (.common:xdc_runtime_SysMin_Module_State_0_outbuf__A)
                  20001e50    0000002c     (.common:sContext)
                  20001e7c    00000004     (.common:counter)
                  20001e80    00000030     (.common:ti_uia_loggers_LoggerStopMode_Instance_State_0_hdr__A)
                  20001eb0    00000024     (.common:clk0Struct)
                  20001ed4    00000020     user_interface.obj (.bss:t$1)
                  20001ef4    00000008     (.common:parmbuf)
                  20001efc    00000004     (.common:drawTime)
                  20001f00    00000030     (.common:ti_uia_loggers_LoggerStopMode_Instance_State_1_hdr__A)
                  20001f30    00000020     (.common:g_pui8Dictionary)
                  20001f50    0000001c     rtsv7M4_T_le_v4SPD16_eabi.lib : asctime.c.obj (.bss:time_buf)
                  20001f6c    00000007     (.common:uiParams)
                  20001f73    00000001     --HOLE--
                  20001f74    00000004     (.common:g_psGrLibDefaults)
                  20001f78    00000004     (.common:gpioInterruptVectors)
                  20001f7c    00000004     (.common:uiTask)

.data      0    20001f80    00000c48     UNINITIALIZED
                  20001f80    00000080     empty_min_pem4f.oem4f (.data:ti_sysbios_family_arm_lm4_Timer_Object__table__V)
                  20002000    00000080     empty_min_pem4f.oem4f (.data:ti_sysbios_knl_Swi_Module_State_0_readyQ__A)
                  20002080    00000080     empty_min_pem4f.oem4f (.data:ti_sysbios_knl_Task_Module_State_0_readyQ__A)
                  20002100    00000068     empty_min_pem4f.oem4f (.data:ti_uia_loggers_LoggerStopMode_Object__table__V)
                  20002168    00000050     user_interface.obj (.data:g_sGraphAccel)
                  200021b8    00000050     user_interface.obj (.data:g_sGraphActBack)
                  20002208    00000050     user_interface.obj (.data:g_sGraphBack)
                  20002258    00000050     user_interface.obj (.data:g_sGraphLight)
                  200022a8    00000050     user_interface.obj (.data:g_sGraphOption)
[...]
0000e518  ti_sysbios_family_arm_lm4_Timer_startupNeeded__C                     
0000e51c  ti_sysbios_family_arm_m3_Hwi_E_NMI__C                                
0000e520  ti_sysbios_family_arm_m3_Hwi_E_alreadyDefined__C                     
0000e524  ti_sysbios_family_arm_m3_Hwi_E_busFault__C                           
0000e528  ti_sysbios_family_arm_m3_Hwi_E_debugMon__C                           
0000e52c  ti_sysbios_family_arm_m3_Hwi_E_hardFault__C                          
0000e530  ti_sysbios_family_arm_m3_Hwi_E_memFault__C                           
0000e534  ti_sysbios_family_arm_m3_Hwi_E_noIsr__C                              
0000e538  ti_sysbios_family_arm_m3_Hwi_E_reserved__C                           
0000e53c  ti_sysbios_family_arm_m3_Hwi_E_svCall__C                             
0000e540  ti_sysbios_family_arm_m3_Hwi_E_usageFault__C                         
0000e544  ti_sysbios_family_arm_m3_Hwi_LD_end__C                               
0000e548  ti_sysbios_family_arm_m3_Hwi_LM_begin__C                             
0000e54c  ti_sysbios_family_arm_m3_Hwi_Module__diagsEnabled__C                 
0000e550  ti_sysbios_family_arm_m3_Hwi_Module__diagsIncluded__C                
0000e554  ti_sysbios_family_arm_m3_Hwi_Module__diagsMask__C                    
0000e558  ti_sysbios_family_arm_m3_Hwi_Module__loggerFxn1__C                   
0000e55c  ti_sysbios_family_arm_m3_Hwi_Module__loggerFxn8__C                   
0000e560  ti_sysbios_family_arm_m3_Hwi_Module__loggerObj__C                    
0000e564  ti_sysbios_family_arm_m3_Hwi_NUM_INTERRUPTS__C                       
0000e568  ti_sysbios_family_arm_m3_Hwi_Object__count__C                        
0000e56c  ti_sysbios_family_arm_m3_Hwi_ccr__C                                  
0000e570  ti_sysbios_family_arm_m3_Hwi_excHandlerFunc__C                       
0000e574  ti_sysbios_family_arm_m3_Hwi_excHookFuncs__C                         
0000e578  ti_sysbios_family_arm_m3_Hwi_nullIsrFunc__C                          
0000e57c  ti_sysbios_family_arm_m3_Hwi_priGroup__C                             
0000e580  ti_sysbios_family_arm_m3_TaskSupport_stackAlignment__C               
0000e584  ti_sysbios_gates_GateMutex_Instance_State_sem__O                     
0000e588  ti_sysbios_heaps_HeapMem_E_memory__C                                 
0000e58c  ti_sysbios_heaps_HeapMem_Module__gateObj__C                          
0000e590  ti_sysbios_heaps_HeapMem_Object__count__C                            
0000e594  ti_sysbios_heaps_HeapMem_reqAlign__C                                 
0000e598  ti_sysbios_knl_Clock_LM_begin__C                                     
0000e59c  ti_sysbios_knl_Clock_LM_tick__C                                      
0000e5a0  ti_sysbios_knl_Clock_LW_delayed__C                                   
0000e5a4  ti_sysbios_knl_Clock_Module_State_clockQ__O                          
0000e5a8  ti_sysbios_knl_Clock_Module__diagsEnabled__C                         
0000e5ac  ti_sysbios_knl_Clock_Module__diagsIncluded__C                        
0000e5b0  ti_sysbios_knl_Clock_Module__diagsMask__C                            
0000e5b4  ti_sysbios_knl_Clock_Module__loggerFxn1__C                           
0000e5b8  ti_sysbios_knl_Clock_Module__loggerFxn2__C                           
0000e5bc  ti_sysbios_knl_Clock_Module__loggerObj__C                            
0000e5c0  ti_sysbios_knl_Semaphore_Instance_State_pendQ__O                     
0000e5c4  ti_sysbios_knl_Semaphore_LM_pend__C                                  
0000e5c8  ti_sysbios_knl_Semaphore_LM_post__C                                  
0000e5cc  ti_sysbios_knl_Semaphore_Module__diagsEnabled__C                     
0000e5d0  ti_sysbios_knl_Semaphore_Module__diagsIncluded__C                    
0000e5d4  ti_sysbios_knl_Semaphore_Module__diagsMask__C                        
0000e5d8  ti_sysbios_knl_Semaphore_Module__loggerFxn2__C                       
0000e5dc  ti_sysbios_knl_Semaphore_Module__loggerFxn4__C                       
0000e5e0  ti_sysbios_knl_Semaphore_Module__loggerObj__C                        
0000e5e4  ti_sysbios_knl_Swi_LD_end__C                                         
0000e5e8  ti_sysbios_knl_Swi_LM_begin__C                                       
0000e5ec  ti_sysbios_knl_Swi_LM_post__C                                        
0000e5f0  ti_sysbios_knl_Swi_Module__diagsEnabled__C                           
0000e5f4  ti_sysbios_knl_Swi_Module__diagsIncluded__C                          
0000e5f8  ti_sysbios_knl_Swi_Module__diagsMask__C                              
0000e5fc  ti_sysbios_knl_Swi_Module__loggerFxn1__C                             
0000e600  ti_sysbios_knl_Swi_Module__loggerFxn4__C                             
0000e604  ti_sysbios_knl_Swi_Module__loggerObj__C                              
0000e608  ti_sysbios_knl_Swi_Object__count__C                                  
0000e60c  ti_sysbios_knl_Task_LD_block__C                                      
0000e610  ti_sysbios_knl_Task_LD_exit__C                                       
0000e614  ti_sysbios_knl_Task_LD_ready__C                                      
0000e618  ti_sysbios_knl_Task_LM_switch__C                                     
0000e61c  ti_sysbios_knl_Task_Module_State_inactiveQ__O                        
0000e620  ti_sysbios_knl_Task_Module__diagsEnabled__C                          
0000e624  ti_sysbios_knl_Task_Module__diagsIncluded__C                         
0000e628  ti_sysbios_knl_Task_Module__diagsMask__C                             
0000e62c  ti_sysbios_knl_Task_Module__loggerFxn2__C                            
0000e630  ti_sysbios_knl_Task_Module__loggerFxn4__C                            
0000e634  ti_sysbios_knl_Task_Module__loggerObj__C                             
0000e638  ti_sysbios_knl_Task_Object__count__C                                 
0000e63c  ti_sysbios_knl_Task_allBlockedFunc__C                                
0000e640  ti_sysbios_knl_Task_defaultStackHeap__C                              
0000e644  ti_sysbios_knl_Task_defaultStackSize__C                              
0000e648  ti_sysbios_knl_Task_numConstructedTasks__C                           
0000e64c  ti_uia_loggers_LoggerStopMode_Module__diagsEnabled__C                
0000e650  ti_uia_loggers_LoggerStopMode_Module__diagsIncluded__C               
0000e654  ti_uia_loggers_LoggerStopMode_Module__diagsMask__C                   
0000e658  ti_uia_loggers_LoggerStopMode_Object__count__C                       
0000e65c  ti_uia_runtime_ILoggerSnapshot_Interface__BASE__C                    
0000e660  ti_uia_runtime_IUIATransfer_Interface__BASE__C                       
0000e664  xdc_runtime_Assert_E_assertFailed__C                                 
0000e668  xdc_runtime_Core_A_initializedParams__C                              
0000e66c  xdc_runtime_Core_Module__diagsEnabled__C                             
0000e670  xdc_runtime_Core_Module__diagsIncluded__C                            
0000e674  xdc_runtime_Core_Module__diagsMask__C                                
0000e678  xdc_runtime_Error_E_memory__C                                        
0000e67c  xdc_runtime_Error_Module__diagsEnabled__C                            
0000e680  xdc_runtime_Error_Module__diagsIncluded__C                           
0000e684  xdc_runtime_Error_Module__diagsMask__C                               
0000e688  xdc_runtime_Error_Module__loggerFxn8__C                              
0000e68c  xdc_runtime_Error_Module__loggerObj__C                               
0000e690  xdc_runtime_Error_policyFxn__C                                       
0000e694  xdc_runtime_Error_raiseHook__C                                       
0000e698  xdc_runtime_IFilterLogger_Interface__BASE__C                         
0000e69c  xdc_runtime_IGateProvider_Interface__BASE__C                         
0000e6a0  xdc_runtime_IHeap_Interface__BASE__C                                 
0000e6a4  xdc_runtime_ILogger_Interface__BASE__C                               
0000e6a8  xdc_runtime_IModule_Interface__BASE__C                               
0000e6ac  xdc_runtime_Log_L_error__C                                           
0000e6b0  xdc_runtime_Memory_defaultHeapInstance__C                            
0000e6b4  xdc_runtime_Startup_execImpl__C                                      
0000e6b8  xdc_runtime_Startup_lastFxns__A                                      
0000e6bc  xdc_runtime_Startup_maxPasses__C                                     
0000e6c0  xdc_runtime_Startup_sfxnRts__C                                       
0000e6c4  xdc_runtime_Startup_sfxnTab__C                                       
0000e6c8  xdc_runtime_SysMin_bufSize__C                                        
0000e6cc  xdc_runtime_SysMin_outputFunc__C                                     
0000e6d0  xdc_runtime_System_Module__gateObj__C                                
0000e6d4  xdc_runtime_System_abortFxn__C                                       
0000e6d8  xdc_runtime_System_exitFxn__C                                        
0000e6dc  xdc_runtime_System_extendFxn__C                                      
0000e6e0  xdc_runtime_System_maxAtexitHandlers__C                              
0000e6e4  xdc_runtime_Text_charTab__C                                          
0000e6e8  xdc_runtime_Text_nameEmpty__C                                        
0000e6ec  xdc_runtime_Text_nameStatic__C                                       
0000e6f0  xdc_runtime_Text_nameUnknown__C                                      
0000e6f4  xdc_runtime_Text_nodeTab__C                                          
0000e6f8  xdc_runtime_Text_visitRopeFxn__C                                     
0000e6fc  ti_sysbios_family_arm_m3_Hwi_Module__id__C                           
0000e6fe  ti_sysbios_family_arm_m3_Hwi_Module__loggerDefined__C                
0000e700  ti_sysbios_heaps_HeapMem_Module__id__C                               
0000e702  ti_sysbios_knl_Clock_Module__id__C                                   
0000e704  ti_sysbios_knl_Clock_Module__loggerDefined__C                        
0000e706  ti_sysbios_knl_Semaphore_Module__id__C                               
0000e708  ti_sysbios_knl_Semaphore_Module__loggerDefined__C                    
0000e70a  ti_sysbios_knl_Swi_Module__id__C                                     
0000e70c  ti_sysbios_knl_Swi_Module__loggerDefined__C                          
0000e70e  ti_sysbios_knl_Task_Module__id__C                                    
0000e710  ti_sysbios_knl_Task_Module__loggerDefined__C                         
0000e712  ti_uia_loggers_LoggerStopMode_Module__id__C                          
0000e714  ti_uia_loggers_LoggerStopMode_isTimestampEnabled__C                  
0000e716  xdc_runtime_Core_Module__id__C                                       
0000e718  xdc_runtime_Error_Module__loggerDefined__C                           
0000e71a  xdc_runtime_Error_maxDepth__C                                        
0000e71c  xdc_runtime_Memory_Module__id__C                                     
0000e71e  xdc_runtime_SysMin_flushAtExit__C                                    
0000e720  xdc_runtime_Text_charCnt__C                                          
0000e722  xdc_runtime_Text_isLoaded__C                                         
0000e724  xdc_runtime_Text_registryModsLastId__C                               
0000e726  xdc_runtime_Text_unnamedModsLastId__C                                
0000e728  __TI_static_base__                                                   
0000ea84  __TI_Handler_Table_Base                                              
0000ea90  __TI_Handler_Table_Limit                                             
0000eaa0  __TI_CINIT_Base                                                      
0000eab8  __TI_CINIT_Limit                                                     
20000000  ti_sysbios_family_arm_m3_Hwi_ramVectors                              
20000380  taskStack                                                            
20000b80  ti_sysbios_heaps_HeapMem_Instance_State_0_buf__A                     
20000f80  ti_uia_loggers_LoggerStopMode_Instance_State_0_packetArray__A        
20001380  ti_uia_loggers_LoggerStopMode_Instance_State_1_packetArray__A        
20001780  ti_sysbios_family_arm_m3_Hwi_dispatchTable                           
20001c20  __CIOBUF_                                                            
20001dd0  xdc_runtime_SysMin_Module_State_0_outbuf__A                          
20001e50  sContext                                                             
20001e7c  counter                                                              
20001e80  ti_uia_loggers_LoggerStopMode_Instance_State_0_hdr__A                
20001eb0  clk0Struct                                                           
20001ef4  parmbuf                                                              
20001efc  drawTime                                                             
20001f00  ti_uia_loggers_LoggerStopMode_Instance_State_1_hdr__A                
20001f6c  uiParams                                                             
20001f7c  uiTask                                                               
20001f80  ti_sysbios_family_arm_lm4_Timer_Object__table__V                     
20002000  ti_sysbios_knl_Swi_Module_State_0_readyQ__A                          
20002080  ti_sysbios_knl_Task_Module_State_0_readyQ__A                         
20002100  ti_uia_loggers_LoggerStopMode_Object__table__V                       
20002168  g_sGraphAccel                                                        
200021b8  g_sGraphActBack                                                      
20002208  g_sGraphBack                                                         
20002258  g_sGraphLight                                                        
200022a8  g_sGraphOption                                                       
200022f8  g_sGraphPower                                                        
20002348  g_sGraphSpeed                                                        
20002398  g_sGraphTemp                                                         
200023e8  g_sSetAccel                                                          
20002438  g_sSetAdd                                                            
20002488  g_sSetBack                                                           
200024d8  g_sSetCurrent                                                        
20002528  g_sSetMotor                                                          
20002578  g_sSetMotorMode                                                      
200025c8  g_sSetOption                                                         
20002618  g_sSetSave                                                           
20002668  g_sSetSub                                                            
200026b8  g_sSetTemp                                                           
20002708  ti_sysbios_knl_Task_Module__state__V                                 
2000274c  g_sGraph                                                             
2000278c  g_sGraphPage                                                         
200027cc  g_sMenuGraphPage                                                     
2000280c  g_sMenuSetPage                                                       
2000284c  g_sMenuTypePage                                                      
2000288c  g_sSettingPage                                                       
200028cc  ti_sysbios_family_arm_lm4_Timer_Module_State_0_device__A             
2000290c  ti_sysbios_gates_GateMutex_Object__table__V                          
20002944  ti_sysbios_family_arm_m3_Hwi_Module__state__V                        
20002978  ti_sysbios_family_arm_m3_Hwi_Object__table__V                        
200029a8  ti_sysbios_knl_Swi_Object__table__V                                  
200029d8  g_sRoot                                                              
20002a08  ti_sysbios_knl_Clock_Module__state__V                                
20002a58  ti_sysbios_BIOS_Module__state__V                                     
20002a7c  ti_sysbios_family_arm_lm4_Timer_Module_State_0_handles__A            
20002a9c  ti_sysbios_knl_Swi_Module__state__V                                  
20002ab8  ti_sysbios_heaps_HeapMem_Object__table__V                            
20002ad0  _tz                                                                  
20002ae0  gpioPinConfigs                                                       
20002af0  ti_sysbios_family_arm_lm4_Timer_Module__state__V                     
20002afc  ti_sysbios_knl_Task_Module__root__V                                  
20002b08  ti_uia_runtime_QueueDescriptor_Module__state__V                      
20002b14  xdc_runtime_SysMin_Module__state__V                                  
20002b20  _lock                                                                
20002b24  _unlock                                                              
20002b28  gpioCallbackFunctions                                                
20002b30  ti_uia_runtime_QueueDescriptor_gPtrToFirstDescriptor                 
20002b34  ti_uia_runtime_QueueDescriptor_gUpdateCount                          
20002b38  ti_sysbios_family_arm_lm4_TimestampProvider_Module__state__V         
20002b40  ti_sysbios_family_arm_m3_Hwi_Module__root__V                         
20002b48  ti_sysbios_gates_GateHwi_Module__root__V                             
20002b50  ti_sysbios_gates_GateMutex_Module__root__V                           
20002b58  ti_sysbios_heaps_HeapMem_Module__root__V                             
20002b60  ti_sysbios_knl_Clock_Module__root__V                                 
20002b68  ti_sysbios_knl_Queue_Module__root__V                                 
20002b70  ti_sysbios_knl_Semaphore_Module__root__V                             
20002b78  ti_uia_loggers_LoggerStopMode_Module__root__V                        
20002b80  xdc_runtime_Registry_Module__state__V                                
20002b88  xdc_runtime_Startup_Module__state__V                                 
20002b90  xdc_runtime_System_Module_State_0_atexitHandlers__A                  
20002b98  xdc_runtime_System_Module__state__V                                  
20002ba8  errno                                                                
20002bac  main_func_sp                                                         
20002bb0  ti_sysbios_family_arm_m3_Hwi_Module_State_0_excContext__A            
20002bb4  ti_sysbios_family_arm_m3_Hwi_Module_State_0_excStack__A              
20002bb8  ti_sysbios_gates_GateHwi_Object__table__V                            
20002bbc  ti_sysbios_knl_Task_Module_State_0_idleTask__A                       
20002bc0  xdc_runtime_Memory_Module__state__V                                  
20002bc4  ti_sysbios_family_arm_m3_Hwi_Module_State_0_excActive__A             
20002bc6  xdc_runtime_Error_Module__state__V                                   
20002bc8  __stack                                                              
20002ec8  __STACK_END                                                          
e000e000  ti_sysbios_family_arm_m3_Hwi_nvic                                    
ffffffff  __TI_pprof_out_hndl                                                  
ffffffff  __TI_prof_data_size                                                  
ffffffff  __TI_prof_data_start                                                 
ffffffff  __binit__                                                            
ffffffff  __c_args__                                                           
ffffffff  binit                                                                
UNDEFED   SHT$$INIT_ARRAY$$Base                                                
UNDEFED   SHT$$INIT_ARRAY$$Limit                                               

[750 symbols]
